Microchip MPLAB XC8 Compiler V2.10 ()

Linker command line:

-W-3 --edf=C:\Program Files (x86)\Microchip\xc8\v2.10\pic\dat\en_msgs.txt \
  -cs -h+dist/default/debug\Aula_3.1.X.debug.sym \
  --cmf=dist/default/debug\Aula_3.1.X.debug.cmf -z -Q18F46K80 \
  -oC:\Users\Blitzar\AppData\Local\Temp\sfr8.2 --defsym=__MPLAB_BUILD=1 \
  -Mdist/default/debug/Aula_3.1.X.debug.map -E1 -ver=XC8 --acfsm=1493 \
  -ASTACK=01BFh-0E40h -pstack=STACK -ACODE=00h-0FFFFh -ACONST=00h-0FFFFh \
  -ASMALLCONST=0F00h-0FFFhx241 -AMEDIUMCONST=0F00h-0FFFFh -ACOMRAM=01h-05Fh \
  -AABS1=00h-0E40h -ABIGRAM=01h-0E40h \
  -ARAM=060h-0FFh,0100h-01FFhx13,0E00h-0E40h -ABANK0=060h-0FFh \
  -ABANK1=0100h-01FFh -ABANK2=0200h-02FFh -ABANK3=0300h-03FFh \
  -ABANK4=0400h-04FFh -ABANK5=0500h-05FFh -ABANK6=0600h-06FFh \
  -ABANK7=0700h-07FFh -ABANK8=0800h-08FFh -ABANK9=0900h-09FFh \
  -ABANK10=0A00h-0AFFh -ABANK11=0B00h-0BFFh -ABANK12=0C00h-0CFFh \
  -ABANK13=0D00h-0DFFh -ABANK14=0E00h-0E40h \
  -ASFR=0E41h-0EFFh,0F00h-0F5Fh,0F60h-0FFFh \
  -preset_vec=00h,intcode=08h,intcodelo,powerup,init -pramtop=0F00h \
  -psmallconst=SMALLCONST -pmediumconst=MEDIUMCONST -pconst=CONST \
  -AFARRAM=00h-00h -ACONFIG=0300000h-030000Dh -pconfig=CONFIG \
  -AIDLOC=0200000h-0200007h -pidloc=IDLOC -AEEDATA=0F00000h-0F003FFh \
  -peeprom_data=EEDATA \
  -prdata=COMRAM,nvrram=COMRAM,nvbit=COMRAM,rbss=COMRAM,rbit=COMRAM \
  -pfarbss=FARRAM,fardata=FARRAM,nvFARRAM=FARRAM \
  -pintsave_regs=BIGRAM,bigbss=BIGRAM,bigdata=BIGRAM -pbss=RAM \
  -pidata=CODE,irdata=CODE,ibigdata=CODE,ifardata=CODE -prparam=COMRAM \
  C:\Users\Blitzar\AppData\Local\Temp\sfr8.o \
  dist/default/debug\Aula_3.1.X.debug.o 

Object code version is 3.11

Machine type is 18F46K80

Call graph: (short form)




                Name                               Link     Load   Length Selector   Space Scale
C:\Users\Blitzar\AppData\Local\Temp\sfr8.o
                init                                 3E       3E        4        4       0
                reset_vec                             0        0        4        0       0
                idloc                            200000   200000        8   200000       0
                config                           300000   300000        E   300000       0
dist/default/debug\Aula_3.1.X.debug.o
                intcode                               8        8       36        4       0
                temp                                 5A       5A        1        1       1
                mediumconst                        F1CC     F1CC      E34     78E6       0
                text71                             55BA     55BA       5E        4       0
                text70                             5C26     5C26        2     2E10       0
                text69                             5ADA     5ADA       2E        4       0
                text68                             5BA6     5BA6       18        4       0
                text66                             592A     592A       3A        4       0
                text65                             525E     525E       B0        4       0
                text64                             5BD4     5BD4       16        4       0
                text63                             5C20     5C20        4     2E10       0
                text62                             5BFC     5BFC       12        4       0
                text61                             5C0E     5C0E        A        4       0
                text60                             57E2     57E2       46        4       0
                text59                             5BEA     5BEA       12        4       0
                text58                             5B08     5B08       2C        4       0
                text57                             5B74     5B74       1A        4       0
                text56                             3CA8     3CA8      1B4        4       0
                text55                             5B5A     5B5A       1A        4       0
                text54                             5B8E     5B8E       18        4       0
                text53                             5BBE     5BBE       16        4       0
                text52                             570E     570E       48        4       0
                text51                             56C6     56C6       48        4       0
                text50                             586C     586C       42        4       0
                text49                             4304     4304      17A        4       0
                text48                             472A     472A      132        4       0
                text47                             53B8     53B8       82        4       0
                text46                             5AAC     5AAC       2E        4       0
                text45                             2D5A     2D5A      386        4       0
                text44                             5B34     5B34       26        4       0
                text43                             5A0C     5A0C       38        4       0
                text42                             5674     5674       52        4       0
                text41                             3E5C     3E5C      19A        4       0
                text40                             5C24     5C24        2     2E10       0
                text39                             4F5A     4F5A       CA        4       0
                text38                             5828     5828       44        4       0
                text37                             5A44     5A44       36        4       0
                text36                             5024     5024       C6        4       0
                text35                             5618     5618       5C        4       0
                text34                             3FF6     3FF6      188        4       0
                text33                             447E     447E      164        4       0
                text32                             58AE     58AE       40        4       0
                text31                             30E0     30E0      2E6        4       0
                text30                             50EA     50EA       C4        4       0
                text29                             51AE     51AE       B0        4       0
                text28                             29C0     29C0      39A        4       0
                text27                             530E     530E       AA        4       0
                text26                             4B98     4B98      104        4       0
                text25                             2596     2596      42A        4       0
                text24                             59D4     59D4       38        4       0
                text23                             20D6     20D6      4C0        4       0
                text22                             579C     579C       46        4       0
                text21                             4A92     4A92      106        4       0
                text20                             4C9C     4C9C       FE        4       0
                text19                             36A2     36A2      212        4       0
                text18                             555C     555C       5E        4       0
                text17                             599C     599C       38        4       0
                text16                             549E     549E       60        4       0
                text15                             1526     1526      BB0        4       0
                text14                             3AB8     3AB8      1F0        4       0
                text13                             417E     417E      186        4       0
                text12                             485C     485C      126        4       0
                text11                             4D9A     4D9A       F0        4       0
                text10                             4E8A     4E8A       D0        4       0
                text9                              38B4     38B4      204        4       0
                text8                              58EE     58EE       3C        4       0
                text7                              5964     5964       38        4       0
                text6                              54FE     54FE       5E        4       0
                text5                              33C6     33C6      2DC        4       0
                text4                                42       42     14E4        4       0
                text3                              543A     543A       64        4       0
                text2                              4982     4982      110        4       0
                text1                              5A7A     5A7A       32        4       0
                text0                              45E2     45E2      148        4       0
                cstackCOMRAM                          1        1       57        1       1
                cstackBANK0                          60       60       7C       60       1
                cstackBANK1                         1BB      1BB        4      100       1
                dataBANK1                           1B4      1B4        7      100       1
                bssBANK1                            100      100       B4      100       1
                bssBANK0                             DC       DC       20       60       1
                bssCOMRAM                            58       58        2        1       1
                cinit                              5756     5756       46        4       0
                nvBANK0                              FC       FC        4       60       1
                idataBANK1                         5C18     5C18        7        4       0

TOTAL           Name                               Link     Load   Length     Space
        CLASS   STACK          

        CLASS   CODE           
                intcode                               8        8       36         0
                init                                 3E       3E        4         0
                reset_vec                             0        0        4         0
                text71                             55BA     55BA       5E         0
                text70                             5C26     5C26        2         0
                text69                             5ADA     5ADA       2E         0
                text68                             5BA6     5BA6       18         0
                text66                             592A     592A       3A         0
                text65                             525E     525E       B0         0
                text64                             5BD4     5BD4       16         0
                text63                             5C20     5C20        4         0
                text62                             5BFC     5BFC       12         0
                text61                             5C0E     5C0E        A         0
                text60                             57E2     57E2       46         0
                text59                             5BEA     5BEA       12         0
                text58                             5B08     5B08       2C         0
                text57                             5B74     5B74       1A         0
                text56                             3CA8     3CA8      1B4         0
                text55                             5B5A     5B5A       1A         0
                text54                             5B8E     5B8E       18         0
                text53                             5BBE     5BBE       16         0
                text52                             570E     570E       48         0
                text51                             56C6     56C6       48         0
                text50                             586C     586C       42         0
                text49                             4304     4304      17A         0
                text48                             472A     472A      132         0
                text47                             53B8     53B8       82         0
                text46                             5AAC     5AAC       2E         0
                text45                             2D5A     2D5A      386         0
                text44                             5B34     5B34       26         0
                text43                             5A0C     5A0C       38         0
                text42                             5674     5674       52         0
                text41                             3E5C     3E5C      19A         0
                text40                             5C24     5C24        2         0
                text39                             4F5A     4F5A       CA         0
                text38                             5828     5828       44         0
                text37                             5A44     5A44       36         0
                text36                             5024     5024       C6         0
                text35                             5618     5618       5C         0
                text34                             3FF6     3FF6      188         0
                text33                             447E     447E      164         0
                text32                             58AE     58AE       40         0
                text31                             30E0     30E0      2E6         0
                text30                             50EA     50EA       C4         0
                text29                             51AE     51AE       B0         0
                text28                             29C0     29C0      39A         0
                text27                             530E     530E       AA         0
                text26                             4B98     4B98      104         0
                text25                             2596     2596      42A         0
                text24                             59D4     59D4       38         0
                text23                             20D6     20D6      4C0         0
                text22                             579C     579C       46         0
                text21                             4A92     4A92      106         0
                text20                             4C9C     4C9C       FE         0
                text19                             36A2     36A2      212         0
                text18                             555C     555C       5E         0
                text17                             599C     599C       38         0
                text16                             549E     549E       60         0
                text15                             1526     1526      BB0         0
                text14                             3AB8     3AB8      1F0         0
                text13                             417E     417E      186         0
                text12                             485C     485C      126         0
                text11                             4D9A     4D9A       F0         0
                text10                             4E8A     4E8A       D0         0
                text9                              38B4     38B4      204         0
                text8                              58EE     58EE       3C         0
                text7                              5964     5964       38         0
                text6                              54FE     54FE       5E         0
                text5                              33C6     33C6      2DC         0
                text4                                42       42     14E4         0
                text3                              543A     543A       64         0
                text2                              4982     4982      110         0
                text1                              5A7A     5A7A       32         0
                text0                              45E2     45E2      148         0
                cinit                              5756     5756       46         0
                idataBANK1                         5C18     5C18        7         0

        CLASS   CONST          

        CLASS   SMALLCONST     

        CLASS   MEDIUMCONST    
                mediumconst                        F1CC     F1CC      E34         0

        CLASS   COMRAM         
                temp                                 5A       5A        1         1
                cstackCOMRAM                          1        1       57         1
                bssCOMRAM                            58       58        2         1

        CLASS   ABS1           

        CLASS   BIGRAM         

        CLASS   RAM            

        CLASS   BANK0          
                cstackBANK0                          60       60       7C         1
                bssBANK0                             DC       DC       20         1
                nvBANK0                              FC       FC        4         1

        CLASS   BANK1          
                cstackBANK1                         1BB      1BB        4         1
                dataBANK1                           1B4      1B4        7         1
                bssBANK1                            100      100       B4         1

        CLASS   BANK2          

        CLASS   BANK3          

        CLASS   BANK4          

        CLASS   BANK5          

        CLASS   BANK6          

        CLASS   BANK7          

        CLASS   BANK8          

        CLASS   BANK9          

        CLASS   BANK10         

        CLASS   BANK11         

        CLASS   BANK12         

        CLASS   BANK13         

        CLASS   BANK14         

        CLASS   SFR            

        CLASS   FARRAM         

        CLASS   CONFIG         
                config                           300000   300000        E         0

        CLASS   IDLOC          
                idloc                            200000   200000        8         0

        CLASS   EEDATA         



SEGMENTS        Name                           Load    Length   Top    Selector   Space  Class

                reset_vec                      000000  000004  000004         0       0  CODE    
                cstackCOMRAM                   000001  00005A  00005B         1       1  COMRAM  
                intcode                        000008  005C17  005C1F         4       0  CODE    
                cstackBANK0                    000060  0000A0  000100        60       1  BANK0   
                bssBANK1                       000100  0000BF  0001BF       100       1  BANK1   
                text63                         005C20  000008  005C28      2E10       0  CODE    
                mediumconst                    00F1CC  000E34  010000      78E6       0  MEDIUMCO
                idloc                          200000  000008  200008    200000       0  IDLOC   
                config                         300000  00000E  30000E    300000       0  CONFIG  


UNUSED ADDRESS RANGES

        Name                Unused          Largest block    Delta
        BANK1            0001BF-0001FF               41
        BANK10           000A00-000AFF              100
        BANK11           000B00-000BFF              100
        BANK12           000C00-000CFF              100
        BANK13           000D00-000DFF              100
        BANK14           000E00-000E40               41
        BANK2            000200-0002FF              100
        BANK3            000300-0003FF              100
        BANK4            000400-0004FF              100
        BANK5            000500-0005FF              100
        BANK6            000600-0006FF              100
        BANK7            000700-0007FF              100
        BANK8            000800-0008FF              100
        BANK9            000900-0009FF              100
        BIGRAM           00005B-00005F                5
                         0001BF-000E40              C82
        CODE             000004-000007                4
                         005C1F-005C1F                1
                         005C28-00F1CB             95A4
        COMRAM           00005B-00005F                5
        CONST            000004-000007                4
                         005C1F-005C1F                1
                         005C28-00F1CB             95A4
        EEDATA           F00000-F003FF              400
        MEDIUMCONST      005C1F-005C1F                1
                         005C28-00F1CB             95A4
        RAM              0001BF-000E40              100
        SFR              000E41-000FFF               BF
        SMALLCONST       005C1F-005C1F                1
                         005C28-00F1CB              100
        STACK            0001BF-000E40              C82

                                  Symbol Table

?_ADC_GetConversion                        cstackCOMRAM 000004
?___aodiv                                  cstackCOMRAM 000004
?___aomod                                  cstackCOMRAM 000004
?___awdiv                                  cstackCOMRAM 000004
?___awmod                                  cstackCOMRAM 000004
?___fladd                                  cstackCOMRAM 000004
?___fldiv                                  cstackCOMRAM 000004
?___flmul                                  cstackCOMRAM 000012
?___flneg                                  cstackCOMRAM 000004
?___flsub                                  cstackCOMRAM 00002B
?___fltol                                  cstackCOMRAM 000004
?___fpclassifyf                            cstackCOMRAM 000004
?___lodiv                                  cstackCOMRAM 000004
?___lomod                                  cstackCOMRAM 000004
?___wmul                                   cstackCOMRAM 000004
?___xxtofl                                 cstackCOMRAM 000004
?_abs                                      cstackCOMRAM 000016
?_atoi                                     cstackCOMRAM 00000B
?_ctoa                                     cstackCOMRAM 00001F
?_dtoa                                     cstackCOMRAM 00001F
?_efgtoa                                   cstackCOMRAM 000037
?_floorf                                   cstackCOMRAM 00001D
?_isalpha                                  cstackCOMRAM 000004
?_isdigit                                  cstackCOMRAM 000004
?_islower                                  cstackCOMRAM 000004
?_isspace                                  cstackCOMRAM 000004
?_isupper                                  cstackCOMRAM 000004
?_otoa                                     cstackCOMRAM 00001F
?_pad                                      cstackCOMRAM 000014
?_snprintf                                 cstackBANK0  0000D2
?_stoa                                     cstackCOMRAM 00000D
?_strlen                                   cstackCOMRAM 000004
?_strncmp                                  cstackCOMRAM 000004
?_tolower                                  cstackCOMRAM 00000A
?_toupper                                  cstackCOMRAM 00000A
?_utoa                                     cstackCOMRAM 00001F
?_vfpfcnvrt                                cstackCOMRAM 000046
?_vfprintf                                 cstackCOMRAM 000050
?_vsnprintf                                cstackBANK0  0000BC
?_xtoa                                     cstackCOMRAM 00001F
ADC_GetConversion@channel                  cstackCOMRAM 000008
IOCB4_SetInterruptHandler@InterruptHandler cstackCOMRAM 000004
SPI_ExchangeByte@data                      cstackCOMRAM 000004
SPI_Open@spiUniqueConfiguration            cstackCOMRAM 000005
_ADCON0                                    (abs)        000FC2
_ADCON0bits                                (abs)        000FC2
_ADCON1                                    (abs)        000FC1
_ADCON2                                    (abs)        000FC0
_ADC_GetConversion                         text66       00592A
_ADC_Initialize                            text64       005BD4
_ADC_InterruptHandler                      bssBANK0     0000FA
_ADRESH                                    (abs)        000FC4
_ADRESL                                    (abs)        000FC3
_ANCON0                                    (abs)        000F5D
_ANCON1                                    (abs)        000F5C
_INTCON2bits                               (abs)        000FF1
_INTCONbits                                (abs)        000FF2
_INTERRUPT_Initialize                      text63       005C20
_INTERRUPT_InterruptManager                intcode      000008
_IOCB4_DefaultInterruptHandler             text70       005C26
_IOCB4_ISR                                 text69       005ADA
_IOCB4_InterruptCall                       text71       0055BA
_IOCB4_InterruptHandler                    nvBANK0      0000FE
_IOCB4_SetInterruptHandler                 text61       005C0E
_IOCBbits                                  (abs)        000F5A
_LATA                                      (abs)        000F89
_LATAbits                                  (abs)        000F89
_LATB                                      (abs)        000F8A
_LATC                                      (abs)        000F8B
_LATD                                      (abs)        000F8C
_LATE                                      (abs)        000F8D
_LATEbits                                  (abs)        000F8D
_OSCCON                                    (abs)        000FD3
_OSCCON2                                   (abs)        000FD2
_OSCILLATOR_Initialize                     text62       005BFC
_OSCTUNE                                   (abs)        000F9B
_PIN_MANAGER_IOC                           text68       005BA6
_PIN_MANAGER_Initialize                    text60       0057E2
_PIR1bits                                  (abs)        000F9E
_PORTBbits                                 (abs)        000F81
_RCONbits                                  (abs)        000FD0
_REFOCON                                   (abs)        000F9A
_SPI_ExchangeByte                          text55       005B5A
_SPI_Initialize                            text59       005BEA
_SPI_Open                                  text65       00525E
_SSPADD                                    (abs)        000FC8
_SSPBUF                                    (abs)        000FC9
_SSPCON1                                   (abs)        000FC6
_SSPCON1bits                               (abs)        000FC6
_SSPCON2                                   (abs)        000FC5
_SSPSTAT                                   (abs)        000FC7
_SSPSTATbits                               (abs)        000FC7
_SYSTEM_Initialize                         text57       005B74
_T1CON                                     (abs)        000FCD
_T1CONbits                                 (abs)        000FCD
_T1GCON                                    (abs)        000FAA
_T1GCONbits                                (abs)        000FAA
_TMR1H                                     (abs)        000FCF
_TMR1L                                     (abs)        000FCE
_TMR1_Initialize                           text58       005B08
_TRISA                                     (abs)        000F92
_TRISB                                     (abs)        000F93
_TRISC                                     (abs)        000F94
_TRISCbits                                 (abs)        000F94
_TRISD                                     (abs)        000F95
_TRISE                                     (abs)        000F96
_WPUB                                      (abs)        000F5B
__CFG_BBSIZ$BB2K                           (abs)        000000
__CFG_BOREN$SBORDIS                        (abs)        000000
__CFG_BORPWR$ZPBORMV                       (abs)        000000
__CFG_BORV$3                               (abs)        000000
__CFG_CANMX$PORTB                          (abs)        000000
__CFG_CP0$OFF                              (abs)        000000
__CFG_CP1$OFF                              (abs)        000000
__CFG_CP2$OFF                              (abs)        000000
__CFG_CP3$OFF                              (abs)        000000
__CFG_CPB$OFF                              (abs)        000000
__CFG_CPD$OFF                              (abs)        000000
__CFG_EBTR0$OFF                            (abs)        000000
__CFG_EBTR1$OFF                            (abs)        000000
__CFG_EBTR2$OFF                            (abs)        000000
__CFG_EBTR3$OFF                            (abs)        000000
__CFG_EBTRB$OFF                            (abs)        000000
__CFG_FCMEN$OFF                            (abs)        000000
__CFG_FOSC$INTIO2                          (abs)        000000
__CFG_IESO$OFF                             (abs)        000000
__CFG_INTOSCSEL$HIGH                       (abs)        000000
__CFG_MCLRE$ON                             (abs)        000000
__CFG_MSSPMSK$MSK7                         (abs)        000000
__CFG_PLLCFG$OFF                           (abs)        000000
__CFG_PWRTEN$OFF                           (abs)        000000
__CFG_RETEN$OFF                            (abs)        000000
__CFG_SOSCSEL$DIG                          (abs)        000000
__CFG_STVREN$ON                            (abs)        000000
__CFG_WDTEN$OFF                            (abs)        000000
__CFG_WDTPS$1048576                        (abs)        000000
__CFG_WRT0$OFF                             (abs)        000000
__CFG_WRT1$OFF                             (abs)        000000
__CFG_WRT2$OFF                             (abs)        000000
__CFG_WRT3$OFF                             (abs)        000000
__CFG_WRTB$OFF                             (abs)        000000
__CFG_WRTC$OFF                             (abs)        000000
__CFG_WRTD$OFF                             (abs)        000000
__CFG_XINST$OFF                            (abs)        000000
__HRAM                                     (abs)        000000
__Habs1                                    abs1         000000
__Hbank0                                   bank0        000000
__Hbank1                                   bank1        000000
__Hbank10                                  bank10       000000
__Hbank11                                  bank11       000000
__Hbank12                                  bank12       000000
__Hbank13                                  bank13       000000
__Hbank14                                  bank14       000000
__Hbank2                                   bank2        000000
__Hbank3                                   bank3        000000
__Hbank4                                   bank4        000000
__Hbank5                                   bank5        000000
__Hbank6                                   bank6        000000
__Hbank7                                   bank7        000000
__Hbank8                                   bank8        000000
__Hbank9                                   bank9        000000
__Hbigbss                                  bigbss       000000
__Hbigdata                                 bigdata      000000
__Hbigram                                  bigram       000000
__Hbss                                     bss          000000
__HbssBANK0                                bssBANK0     000000
__HbssBANK1                                bssBANK1     000000
__HbssCOMRAM                               bssCOMRAM    000000
__Hcinit                                   cinit        000000
__Hclrtext                                 clrtext      000000
__Hcomram                                  comram       000000
__Hconfig                                  config       30000E
__Hconst                                   const        000000
__HcstackBANK0                             cstackBANK0  000000
__HcstackBANK1                             cstackBANK1  000000
__HcstackCOMRAM                            cstackCOMRAM 000000
__Hdata                                    data         000000
__HdataBANK1                               dataBANK1    000000
__Heeprom_data                             eeprom_data  000000
__Hfarbss                                  farbss       000000
__Hfardata                                 fardata      000000
__Hibigdata                                ibigdata     000000
__Hidata                                   idata        000000
__HidataBANK1                              idataBANK1   000000
__Hidloc                                   idloc        200008
__Hifardata                                ifardata     000000
__Hinit                                    init         000042
__Hintcode                                 intcode      00003E
__Hintcode_body                            intcode_body 000000
__Hintcodelo                               intcodelo    00003E
__Hintentry                                intentry     000000
__Hintret                                  intret       000000
__Hintsave_regs                            intsave_regs 000000
__Hirdata                                  irdata       000000
__Hmediumconst                             mediumconst  010000
__HnvBANK0                                 nvBANK0      000000
__HnvFARRAM                                nvFARRAM     000000
__Hnvbit                                   nvbit        000000
__Hnvrram                                  nvrram       000000
__Hparam                                   rparam       000000
__Hpowerup                                 powerup      00003E
__Hram                                     ram          000000
__Hramtop                                  ramtop       000F00
__Hrbit                                    rbit         000000
__Hrbss                                    rbss         000000
__Hrdata                                   rdata        000000
__Hreset_vec                               reset_vec    000004
__Hrparam                                  rparam       000000
__Hsfr                                     sfr          000000
__Hsmallconst                              smallconst   000000
__Hspace_0                                 (abs)        30000E
__Hspace_1                                 (abs)        0001BF
__Hspace_2                                 (abs)        000000
__Hstack                                   stack        000000
__Hstruct                                  struct       000000
__Htemp                                    temp         00005B
__Htext                                    text         000000
__Htext0                                   text0        000000
__Htext1                                   text1        000000
__Htext10                                  text10       000000
__Htext11                                  text11       000000
__Htext12                                  text12       000000
__Htext13                                  text13       000000
__Htext14                                  text14       000000
__Htext15                                  text15       000000
__Htext16                                  text16       000000
__Htext17                                  text17       000000
__Htext18                                  text18       000000
__Htext19                                  text19       000000
__Htext2                                   text2        000000
__Htext20                                  text20       000000
__Htext21                                  text21       000000
__Htext22                                  text22       000000
__Htext23                                  text23       000000
__Htext24                                  text24       000000
__Htext25                                  text25       000000
__Htext26                                  text26       000000
__Htext27                                  text27       000000
__Htext28                                  text28       000000
__Htext29                                  text29       000000
__Htext3                                   text3        000000
__Htext30                                  text30       000000
__Htext31                                  text31       000000
__Htext32                                  text32       000000
__Htext33                                  text33       000000
__Htext34                                  text34       000000
__Htext35                                  text35       000000
__Htext36                                  text36       000000
__Htext37                                  text37       000000
__Htext38                                  text38       000000
__Htext39                                  text39       000000
__Htext4                                   text4        000000
__Htext40                                  text40       000000
__Htext41                                  text41       000000
__Htext42                                  text42       000000
__Htext43                                  text43       000000
__Htext44                                  text44       000000
__Htext45                                  text45       000000
__Htext46                                  text46       000000
__Htext47                                  text47       000000
__Htext48                                  text48       000000
__Htext49                                  text49       000000
__Htext5                                   text5        000000
__Htext50                                  text50       000000
__Htext51                                  text51       000000
__Htext52                                  text52       000000
__Htext53                                  text53       000000
__Htext54                                  text54       000000
__Htext55                                  text55       000000
__Htext56                                  text56       000000
__Htext57                                  text57       000000
__Htext58                                  text58       000000
__Htext59                                  text59       000000
__Htext6                                   text6        000000
__Htext60                                  text60       000000
__Htext61                                  text61       000000
__Htext62                                  text62       000000
__Htext63                                  text63       000000
__Htext64                                  text64       000000
__Htext65                                  text65       000000
__Htext66                                  text66       000000
__Htext68                                  text68       000000
__Htext69                                  text69       000000
__Htext7                                   text7        000000
__Htext70                                  text70       000000
__Htext71                                  text71       000000
__Htext72                                  text72       000000
__Htext8                                   text8        000000
__Htext9                                   text9        000000
__LRAM                                     (abs)        000001
__Labs1                                    abs1         000000
__Lbank0                                   bank0        000000
__Lbank1                                   bank1        000000
__Lbank10                                  bank10       000000
__Lbank11                                  bank11       000000
__Lbank12                                  bank12       000000
__Lbank13                                  bank13       000000
__Lbank14                                  bank14       000000
__Lbank2                                   bank2        000000
__Lbank3                                   bank3        000000
__Lbank4                                   bank4        000000
__Lbank5                                   bank5        000000
__Lbank6                                   bank6        000000
__Lbank7                                   bank7        000000
__Lbank8                                   bank8        000000
__Lbank9                                   bank9        000000
__Lbigbss                                  bigbss       000000
__Lbigdata                                 bigdata      000000
__Lbigram                                  bigram       000000
__Lbss                                     bss          000000
__LbssBANK0                                bssBANK0     000000
__LbssBANK1                                bssBANK1     000000
__LbssCOMRAM                               bssCOMRAM    000000
__Lcinit                                   cinit        000000
__Lclrtext                                 clrtext      000000
__Lcomram                                  comram       000000
__Lconfig                                  config       300000
__Lconst                                   const        000000
__LcstackBANK0                             cstackBANK0  000000
__LcstackBANK1                             cstackBANK1  000000
__LcstackCOMRAM                            cstackCOMRAM 000000
__Ldata                                    data         000000
__LdataBANK1                               dataBANK1    000000
__Leeprom_data                             eeprom_data  000000
__Lfarbss                                  farbss       000000
__Lfardata                                 fardata      000000
__Libigdata                                ibigdata     000000
__Lidata                                   idata        000000
__LidataBANK1                              idataBANK1   000000
__Lidloc                                   idloc        200000
__Lifardata                                ifardata     000000
__Linit                                    init         00003E
__Lintcode                                 intcode      000008
__Lintcode_body                            intcode_body 000000
__Lintcodelo                               intcodelo    00003E
__Lintentry                                intentry     000000
__Lintret                                  intret       000000
__Lintsave_regs                            intsave_regs 000000
__Lirdata                                  irdata       000000
__Lmediumconst                             mediumconst  00F1CC
__LnvBANK0                                 nvBANK0      000000
__LnvFARRAM                                nvFARRAM     000000
__Lnvbit                                   nvbit        000000
__Lnvrram                                  nvrram       000000
__Lparam                                   rparam       000000
__Lpowerup                                 powerup      00003E
__Lram                                     ram          000000
__Lramtop                                  ramtop       000F00
__Lrbit                                    rbit         000000
__Lrbss                                    rbss         000000
__Lrdata                                   rdata        000000
__Lreset_vec                               reset_vec    000000
__Lrparam                                  rparam       000000
__Lsfr                                     sfr          000000
__Lsmallconst                              smallconst   000000
__Lspace_0                                 (abs)        000000
__Lspace_1                                 (abs)        000000
__Lspace_2                                 (abs)        000000
__Lstack                                   stack        000000
__Lstruct                                  struct       000000
__Ltemp                                    temp         00005A
__Ltext                                    text         000000
__Ltext0                                   text0        000000
__Ltext1                                   text1        000000
__Ltext10                                  text10       000000
__Ltext11                                  text11       000000
__Ltext12                                  text12       000000
__Ltext13                                  text13       000000
__Ltext14                                  text14       000000
__Ltext15                                  text15       000000
__Ltext16                                  text16       000000
__Ltext17                                  text17       000000
__Ltext18                                  text18       000000
__Ltext19                                  text19       000000
__Ltext2                                   text2        000000
__Ltext20                                  text20       000000
__Ltext21                                  text21       000000
__Ltext22                                  text22       000000
__Ltext23                                  text23       000000
__Ltext24                                  text24       000000
__Ltext25                                  text25       000000
__Ltext26                                  text26       000000
__Ltext27                                  text27       000000
__Ltext28                                  text28       000000
__Ltext29                                  text29       000000
__Ltext3                                   text3        000000
__Ltext30                                  text30       000000
__Ltext31                                  text31       000000
__Ltext32                                  text32       000000
__Ltext33                                  text33       000000
__Ltext34                                  text34       000000
__Ltext35                                  text35       000000
__Ltext36                                  text36       000000
__Ltext37                                  text37       000000
__Ltext38                                  text38       000000
__Ltext39                                  text39       000000
__Ltext4                                   text4        000000
__Ltext40                                  text40       000000
__Ltext41                                  text41       000000
__Ltext42                                  text42       000000
__Ltext43                                  text43       000000
__Ltext44                                  text44       000000
__Ltext45                                  text45       000000
__Ltext46                                  text46       000000
__Ltext47                                  text47       000000
__Ltext48                                  text48       000000
__Ltext49                                  text49       000000
__Ltext5                                   text5        000000
__Ltext50                                  text50       000000
__Ltext51                                  text51       000000
__Ltext52                                  text52       000000
__Ltext53                                  text53       000000
__Ltext54                                  text54       000000
__Ltext55                                  text55       000000
__Ltext56                                  text56       000000
__Ltext57                                  text57       000000
__Ltext58                                  text58       000000
__Ltext59                                  text59       000000
__Ltext6                                   text6        000000
__Ltext60                                  text60       000000
__Ltext61                                  text61       000000
__Ltext62                                  text62       000000
__Ltext63                                  text63       000000
__Ltext64                                  text64       000000
__Ltext65                                  text65       000000
__Ltext66                                  text66       000000
__Ltext68                                  text68       000000
__Ltext69                                  text69       000000
__Ltext7                                   text7        000000
__Ltext70                                  text70       000000
__Ltext71                                  text71       000000
__Ltext72                                  text72       000000
__Ltext8                                   text8        000000
__Ltext9                                   text9        000000
__S0                                       (abs)        30000E
__S1                                       (abs)        0001BF
__S2                                       (abs)        000000
___aodiv                                   text34       003FF6
___aodiv@counter                           cstackCOMRAM 000014
___aodiv@dividend                          cstackCOMRAM 000004
___aodiv@divisor                           cstackCOMRAM 00000C
___aodiv@quotient                          cstackCOMRAM 000016
___aodiv@sign                              cstackCOMRAM 000015
___aomod                                   text33       00447E
___aomod@counter                           cstackCOMRAM 000014
___aomod@dividend                          cstackCOMRAM 000004
___aomod@divisor                           cstackCOMRAM 00000C
___aomod@sign                              cstackCOMRAM 000015
___awdiv                                   text30       0050EA
___awdiv@counter                           cstackCOMRAM 000008
___awdiv@dividend                          cstackCOMRAM 000004
___awdiv@divisor                           cstackCOMRAM 000006
___awdiv@quotient                          cstackCOMRAM 00000A
___awdiv@sign                              cstackCOMRAM 000009
___awmod                                   text29       0051AE
___awmod@counter                           cstackCOMRAM 000008
___awmod@dividend                          cstackCOMRAM 000004
___awmod@divisor                           cstackCOMRAM 000006
___awmod@sign                              cstackCOMRAM 000009
___fladd                                   text23       0020D6
___fladd@a                                 cstackCOMRAM 000008
___fladd@aexp                              cstackCOMRAM 000011
___fladd@b                                 cstackCOMRAM 000004
___fladd@bexp                              cstackCOMRAM 000012
___fladd@grs                               cstackCOMRAM 000013
___fladd@signs                             cstackCOMRAM 000010
___fldiv                                   text28       0029C0
___fldiv@a                                 cstackCOMRAM 000008
___fldiv@aexp                              cstackCOMRAM 00001C
___fldiv@b                                 cstackCOMRAM 000004
___fldiv@bexp                              cstackCOMRAM 00001B
___fldiv@grs                               cstackCOMRAM 000017
___fldiv@new_exp                           cstackCOMRAM 000015
___fldiv@rem                               cstackCOMRAM 000010
___fldiv@sign                              cstackCOMRAM 000014
___fleq                                    text27       00530E
___fleq@ff1                                cstackCOMRAM 000004
___fleq@ff2                                cstackCOMRAM 000008
___flge                                    text26       004B98
___flge@ff1                                cstackCOMRAM 00002B
___flge@ff2                                cstackCOMRAM 00002F
___flmul                                   text25       002596
___flmul@a                                 cstackCOMRAM 000016
___flmul@aexp                              cstackCOMRAM 00001F
___flmul@b                                 cstackCOMRAM 000012
___flmul@bexp                              cstackCOMRAM 000024
___flmul@grs                               cstackCOMRAM 000020
___flmul@prod                              cstackCOMRAM 000025
___flmul@sign                              cstackCOMRAM 00001E
___flmul@temp                              cstackCOMRAM 000029
___flneg                                   text24       0059D4
___flneg@f1                                cstackCOMRAM 000004
___flsub                                   text22       00579C
___flsub@a                                 cstackCOMRAM 00002F
___flsub@b                                 cstackCOMRAM 00002B
___fltol                                   text21       004A92
___fltol@exp1                              cstackCOMRAM 00000D
___fltol@f1                                cstackCOMRAM 000004
___fltol@sign1                             cstackCOMRAM 00000C
___fpclassifyf                             text20       004C9C
___fpclassifyf@F463                        bssBANK0     0000E0
___fpclassifyf@e                           cstackCOMRAM 00000C
___fpclassifyf@u                           cstackCOMRAM 00000E
___fpclassifyf@x                           cstackCOMRAM 000004
___inthi_sp                                stack        000000
___intlo_sp                                stack        000000
___lodiv                                   text11       004D9A
___lodiv@counter                           cstackCOMRAM 00001C
___lodiv@dividend                          cstackCOMRAM 000004
___lodiv@divisor                           cstackCOMRAM 00000C
___lodiv@quotient                          cstackCOMRAM 000014
___lomod                                   text10       004E8A
___lomod@counter                           cstackCOMRAM 000014
___lomod@dividend                          cstackCOMRAM 000004
___lomod@divisor                           cstackCOMRAM 00000C
___param_bank                              (abs)        000000
___rparam_used                             (abs)        000001
___sp                                      stack        000000
___wmul                                    text44       005B34
___wmul@multiplicand                       cstackCOMRAM 000006
___wmul@multiplier                         cstackCOMRAM 000004
___wmul@product                            cstackCOMRAM 000008
___xxtofl                                  text56       003CA8
___xxtofl@arg                              cstackCOMRAM 00000E
___xxtofl@exp                              cstackCOMRAM 00000D
___xxtofl@sign                             cstackCOMRAM 00000C
___xxtofl@val                              cstackCOMRAM 000004
__accesstop                                (abs)        000060
__activetblptr                             (abs)        000003
__end_of_ADC_GetConversion                 text66       005964
__end_of_ADC_Initialize                    text64       005BEA
__end_of_INTERRUPT_Initialize              text63       005C24
__end_of_INTERRUPT_InterruptManager        intcode      00003E
__end_of_IOCB4_DefaultInterruptHandler     text70       005C28
__end_of_IOCB4_ISR                         text69       005B08
__end_of_IOCB4_InterruptCall               text71       005618
__end_of_IOCB4_SetInterruptHandler         text61       005C18
__end_of_OSCILLATOR_Initialize             text62       005C0E
__end_of_PIN_MANAGER_IOC                   text68       005BBE
__end_of_PIN_MANAGER_Initialize            text60       005828
__end_of_SPI_ExchangeByte                  text55       005B74
__end_of_SPI_Initialize                    text59       005BFC
__end_of_SPI_Open                          text65       00530E
__end_of_SYSTEM_Initialize                 text57       005B8E
__end_of_TMR1_Initialize                   text58       005B34
__end_of___aodiv                           text34       00417E
__end_of___aomod                           text33       0045E2
__end_of___awdiv                           text30       0051AE
__end_of___awmod                           text29       00525E
__end_of___fladd                           text23       002596
__end_of___fldiv                           text28       002D5A
__end_of___fleq                            text27       0053B8
__end_of___flge                            text26       004C9C
__end_of___flmul                           text25       0029C0
__end_of___flneg                           text24       005A0C
__end_of___flsub                           text22       0057E2
__end_of___fltol                           text21       004B98
__end_of___fpclassifyf                     text20       004D9A
__end_of___lodiv                           text11       004E8A
__end_of___lomod                           text10       004F5A
__end_of___wmul                            text44       005B5A
__end_of___xxtofl                          text56       003E5C
__end_of__initialization                   cinit        005792
__end_of_abs                               text32       0058EE
__end_of_atoi                              text41       003FF6
__end_of_ctoa                              text35       005674
__end_of_dtoa                              text31       0033C6
__end_of_efgtoa                            text15       0020D6
__end_of_floorf                            text19       0038B4
__end_of_font                              mediumconst  00FF99
__end_of_fputc                             text39       005024
__end_of_fputs                             text38       00586C
__end_of_isalpha                           text8        00592A
__end_of_isdigit                           text43       005A44
__end_of_islower                           text7        00599C
__end_of_isspace                           text42       0056C6
__end_of_isupper                           text17       0059D4
__end_of_lcd_draw_char                     text49       00447E
__end_of_lcd_draw_pixel                    text53       005BD4
__end_of_lcd_draw_string                   text48       00485C
__end_of_lcd_fill                          text47       00543A
__end_of_lcd_init                          text45       0030E0
__end_of_lcd_send                          text54       005BA6
__end_of_lcd_set_cursor                    text50       0058AE
__end_of_lcd_set_cursor_x                  text52       005756
__end_of_lcd_set_cursor_y                  text51       00570E
__end_of_main                              text0        00472A
__end_of_msDelay                           text46       005ADA
__end_of_otoa                              text14       003CA8
__end_of_pad                               text36       0050EA
__end_of_putch                             text40       005C26
__end_of_snprintf                          text1        005AAC
__end_of_spi_configuration                 mediumconst  00FF9D
__end_of_stoa                              text13       004304
__end_of_strcpy                            text18       0055BA
__end_of_strlen                            text37       005A7A
__end_of_strncmp                           text12       004982
__end_of_tolower                           text16       0054FE
__end_of_toupper                           text6        00555C
__end_of_utoa                              text9        003AB8
__end_of_vfpfcnvrt                         text4        001526
__end_of_vfprintf                          text3        00549E
__end_of_vsnprintf                         text2        004A92
__end_of_xtoa                              text5        0036A2
__initialization                           cinit        005756
__mediumconst                              mediumconst  00F1CC
__pbssBANK0                                bssBANK0     0000DC
__pbssBANK1                                bssBANK1     000100
__pbssCOMRAM                               bssCOMRAM    000058
__pcinit                                   cinit        005756
__pcstackBANK0                             cstackBANK0  000060
__pcstackBANK1                             cstackBANK1  0001BB
__pcstackCOMRAM                            cstackCOMRAM 000001
__pdataBANK1                               dataBANK1    0001B4
__pidataBANK1                              idataBANK1   005C18
__pintcode                                 intcode      000008
__pmediumconst                             mediumconst  00F1CC
__pnvBANK0                                 nvBANK0      0000FC
__ptext0                                   text0        0045E2
__ptext1                                   text1        005A7A
__ptext10                                  text10       004E8A
__ptext11                                  text11       004D9A
__ptext12                                  text12       00485C
__ptext13                                  text13       00417E
__ptext14                                  text14       003AB8
__ptext15                                  text15       001526
__ptext16                                  text16       00549E
__ptext17                                  text17       00599C
__ptext18                                  text18       00555C
__ptext19                                  text19       0036A2
__ptext2                                   text2        004982
__ptext20                                  text20       004C9C
__ptext21                                  text21       004A92
__ptext22                                  text22       00579C
__ptext23                                  text23       0020D6
__ptext24                                  text24       0059D4
__ptext25                                  text25       002596
__ptext26                                  text26       004B98
__ptext27                                  text27       00530E
__ptext28                                  text28       0029C0
__ptext29                                  text29       0051AE
__ptext3                                   text3        00543A
__ptext30                                  text30       0050EA
__ptext31                                  text31       0030E0
__ptext32                                  text32       0058AE
__ptext33                                  text33       00447E
__ptext34                                  text34       003FF6
__ptext35                                  text35       005618
__ptext36                                  text36       005024
__ptext37                                  text37       005A44
__ptext38                                  text38       005828
__ptext39                                  text39       004F5A
__ptext4                                   text4        000042
__ptext40                                  text40       005C24
__ptext41                                  text41       003E5C
__ptext42                                  text42       005674
__ptext43                                  text43       005A0C
__ptext44                                  text44       005B34
__ptext45                                  text45       002D5A
__ptext46                                  text46       005AAC
__ptext47                                  text47       0053B8
__ptext48                                  text48       00472A
__ptext49                                  text49       004304
__ptext5                                   text5        0033C6
__ptext50                                  text50       00586C
__ptext51                                  text51       0056C6
__ptext52                                  text52       00570E
__ptext53                                  text53       005BBE
__ptext54                                  text54       005B8E
__ptext55                                  text55       005B5A
__ptext56                                  text56       003CA8
__ptext57                                  text57       005B74
__ptext58                                  text58       005B08
__ptext59                                  text59       005BEA
__ptext6                                   text6        0054FE
__ptext60                                  text60       0057E2
__ptext61                                  text61       005C0E
__ptext62                                  text62       005BFC
__ptext63                                  text63       005C20
__ptext64                                  text64       005BD4
__ptext65                                  text65       00525E
__ptext66                                  text66       00592A
__ptext68                                  text68       005BA6
__ptext69                                  text69       005ADA
__ptext7                                   text7        005964
__ptext70                                  text70       005C26
__ptext71                                  text71       0055BA
__ptext72                                  text72       000000
__ptext8                                   text8        0058EE
__ptext9                                   text9        0038B4
__ramtop                                   ramtop       000F00
__size_of_ADC_GetConversion                (abs)        000000
__size_of_ADC_Initialize                   (abs)        000000
__size_of_INTERRUPT_Initialize             (abs)        000000
__size_of_INTERRUPT_InterruptManager       (abs)        000000
__size_of_IOCB4_DefaultInterruptHandler    (abs)        000000
__size_of_IOCB4_ISR                        (abs)        000000
__size_of_IOCB4_InterruptCall              (abs)        000000
__size_of_IOCB4_SetInterruptHandler        (abs)        000000
__size_of_OSCILLATOR_Initialize            (abs)        000000
__size_of_PIN_MANAGER_IOC                  (abs)        000000
__size_of_PIN_MANAGER_Initialize           (abs)        000000
__size_of_SPI_ExchangeByte                 (abs)        000000
__size_of_SPI_Initialize                   (abs)        000000
__size_of_SPI_Open                         (abs)        000000
__size_of_SYSTEM_Initialize                (abs)        000000
__size_of_TMR1_Initialize                  (abs)        000000
__size_of___aodiv                          (abs)        000000
__size_of___aomod                          (abs)        000000
__size_of___awdiv                          (abs)        000000
__size_of___awmod                          (abs)        000000
__size_of___fladd                          (abs)        000000
__size_of___fldiv                          (abs)        000000
__size_of___fleq                           (abs)        000000
__size_of___flge                           (abs)        000000
__size_of___flmul                          (abs)        000000
__size_of___flneg                          (abs)        000000
__size_of___flsub                          (abs)        000000
__size_of___fltol                          (abs)        000000
__size_of___fpclassifyf                    (abs)        000000
__size_of___lodiv                          (abs)        000000
__size_of___lomod                          (abs)        000000
__size_of___wmul                           (abs)        000000
__size_of___xxtofl                         (abs)        000000
__size_of_abs                              (abs)        000000
__size_of_atoi                             (abs)        000000
__size_of_ctoa                             (abs)        000000
__size_of_dtoa                             (abs)        000000
__size_of_efgtoa                           (abs)        000000
__size_of_floorf                           (abs)        000000
__size_of_fputc                            (abs)        000000
__size_of_fputs                            (abs)        000000
__size_of_isalpha                          (abs)        000000
__size_of_isdigit                          (abs)        000000
__size_of_islower                          (abs)        000000
__size_of_isspace                          (abs)        000000
__size_of_isupper                          (abs)        000000
__size_of_lcd_draw_char                    (abs)        000000
__size_of_lcd_draw_pixel                   (abs)        000000
__size_of_lcd_draw_string                  (abs)        000000
__size_of_lcd_fill                         (abs)        000000
__size_of_lcd_init                         (abs)        000000
__size_of_lcd_send                         (abs)        000000
__size_of_lcd_set_cursor                   (abs)        000000
__size_of_lcd_set_cursor_x                 (abs)        000000
__size_of_lcd_set_cursor_y                 (abs)        000000
__size_of_main                             (abs)        000000
__size_of_msDelay                          (abs)        000000
__size_of_otoa                             (abs)        000000
__size_of_pad                              (abs)        000000
__size_of_putch                            (abs)        000000
__size_of_snprintf                         (abs)        000000
__size_of_stoa                             (abs)        000000
__size_of_strcpy                           (abs)        000000
__size_of_strlen                           (abs)        000000
__size_of_strncmp                          (abs)        000000
__size_of_tolower                          (abs)        000000
__size_of_toupper                          (abs)        000000
__size_of_utoa                             (abs)        000000
__size_of_vfpfcnvrt                        (abs)        000000
__size_of_vfprintf                         (abs)        000000
__size_of_vsnprintf                        (abs)        000000
__size_of_xtoa                             (abs)        000000
__smallconst                               smallconst   000000
_abs                                       text32       0058AE
_atoi                                      text41       003E5C
_atoi$1958                                 cstackCOMRAM 000013
_atoi$1959                                 cstackCOMRAM 000017
_atoi$1960                                 cstackCOMRAM 000015
_botao                                     bssBANK0     0000F6
_codigo_digit                              bssBANK0     0000F8
_ctoa                                      text35       005618
_dbuf                                      bssBANK1     000164
_dtoa                                      text31       0030E0
_dtoa$1290                                 cstackCOMRAM 000031
_efgtoa                                    text15       001526
_efgtoa$1313                               cstackBANK0  000064
_efgtoa$1314                               cstackBANK0  000066
_efgtoa$1318                               cstackBANK0  000068
_efgtoa$1322                               cstackBANK0  00006A
_efgtoa$1323                               cstackBANK0  00006C
_efgtoa$1324                               cstackBANK0  00006E
_errno                                     bssBANK0     0000EC
_flags                                     bssBANK0     0000F2
_floorf                                    text19       0036A2
_font                                      mediumconst  00F1CD
_fputc                                     text39       004F5A
_fputs                                     text38       005828
_global_bg_color                           bssBANK0     0000F4
_isalpha                                   text8        0058EE
_isdigit                                   text43       005A0C
_islower                                   text7        005964
_isspace                                   text42       005674
_isspace$1998                              cstackCOMRAM 00000A
_isupper                                   text17       00599C
_lcd_draw_char                             text49       004304
_lcd_draw_pixel                            text53       005BBE
_lcd_draw_string                           text48       00472A
_lcd_fill                                  text47       0053B8
_lcd_init                                  text45       002D5A
_lcd_send                                  text54       005B8E
_lcd_set_cursor                            text50       00586C
_lcd_set_cursor_x                          text52       00570E
_lcd_set_cursor_y                          text51       0056C6
_main                                      text0        0045E2
_msDelay                                   text46       005AAC
_nout                                      bssBANK0     0000EE
_otoa                                      text14       003AB8
_pad                                       text36       005024
_prec                                      bssCOMRAM    000058
_putch                                     text40       005C24
_snprintf                                  text1        005A7A
_spi_configuration                         mediumconst  00FF99
_stoa                                      text13       00417E
_strcpy                                    text18       00555C
_string_temp                               bssBANK1     000100
_strlen                                    text37       005A44
_strncmp                                   text12       00485C
_temp                                      bssBANK0     0000E4
_tensao_in                                 bssBANK0     0000E8
_timer1ReloadVal                           nvBANK0      0000FC
_tolower                                   text16       00549E
_tolower$2081                              cstackCOMRAM 000010
_toupper                                   text6        0054FE
_toupper$2096                              cstackCOMRAM 000010
_utoa                                      text9        0038B4
_vfpfcnvrt                                 text4        000042
_vfpfcnvrt$1375                            cstackBANK0  00009C
_vfpfcnvrt$1376                            cstackBANK0  00009E
_vfpfcnvrt$1397                            cstackBANK0  0000A0
_vfprintf                                  text3        00543A
_vsnprintf                                 text2        004982
_vsnprintf$2128                            cstackBANK0  0000C8
_width                                     bssBANK0     0000F0
_xtoa                                      text5        0033C6
_xtoa$1360                                 cstackCOMRAM 000032
_xtoa$1361                                 cstackCOMRAM 000034
abs@a                                      cstackCOMRAM 000016
atoi@n                                     cstackCOMRAM 000018
atoi@neg                                   cstackCOMRAM 000011
atoi@s                                     cstackCOMRAM 00000B
btemp                                      temp         00005A
ctoa@c                                     cstackCOMRAM 000021
ctoa@fp                                    cstackCOMRAM 00001F
ctoa@w                                     cstackCOMRAM 000022
dtoa@d                                     cstackCOMRAM 000021
dtoa@fp                                    cstackCOMRAM 00001F
dtoa@i                                     cstackCOMRAM 000041
dtoa@n                                     cstackCOMRAM 000039
dtoa@p                                     cstackCOMRAM 000033
dtoa@s                                     cstackCOMRAM 000037
dtoa@w                                     cstackCOMRAM 000035
efgtoa@c                                   cstackCOMRAM 00003D
efgtoa@d                                   cstackBANK0  000078
efgtoa@e                                   cstackBANK0  000090
efgtoa@f                                   cstackCOMRAM 000039
efgtoa@fp                                  cstackCOMRAM 000037
efgtoa@g                                   cstackBANK0  00008C
efgtoa@h                                   cstackBANK0  000082
efgtoa@i                                   cstackBANK0  00008A
efgtoa@l                                   cstackBANK0  000086
efgtoa@m                                   cstackBANK0  000074
efgtoa@mode                                cstackBANK0  000081
efgtoa@n                                   cstackBANK0  000092
efgtoa@ne                                  cstackBANK0  000076
efgtoa@nmode                               cstackBANK0  00007E
efgtoa@ou                                  cstackBANK0  000060
efgtoa@p                                   cstackBANK0  00007C
efgtoa@pp                                  cstackBANK0  000072
efgtoa@sign                                cstackBANK0  00007A
efgtoa@t                                   cstackBANK0  000070
efgtoa@u                                   cstackBANK0  000094
efgtoa@w                                   cstackBANK0  00007F
end_of_initialization                      cinit        005792
floorf@F524                                bssBANK0     0000DC
floorf@e                                   cstackCOMRAM 00002B
floorf@m                                   cstackCOMRAM 000027
floorf@u                                   cstackCOMRAM 00002D
floorf@x                                   cstackCOMRAM 00001D
fputc@c                                    cstackCOMRAM 000004
fputc@fp                                   cstackCOMRAM 000006
fputs@c                                    cstackCOMRAM 000011
fputs@fp                                   cstackCOMRAM 00000F
fputs@i                                    cstackCOMRAM 000012
fputs@s                                    cstackCOMRAM 00000D
int$flags                                  temp         00005A
intlevel0                                  text         000000
intlevel1                                  text         000000
intlevel2                                  text         000000
intlevel3                                  text         000000
isalpha@c                                  cstackCOMRAM 000004
isdigit@c                                  cstackCOMRAM 000004
islower@c                                  cstackCOMRAM 000004
isspace@c                                  cstackCOMRAM 000004
isupper@c                                  cstackCOMRAM 000004
lcd_draw_char@bg_color                     cstackCOMRAM 000015
lcd_draw_char@fIndex                       cstackCOMRAM 000011
lcd_draw_char@fg_color                     cstackCOMRAM 000013
lcd_draw_char@i                            cstackCOMRAM 000022
lcd_draw_char@j                            cstackCOMRAM 000020
lcd_draw_char@k                            cstackCOMRAM 000021
lcd_draw_char@x                            cstackCOMRAM 00000D
lcd_draw_char@y                            cstackCOMRAM 00000F
lcd_draw_pixel@color                       cstackCOMRAM 000007
lcd_draw_string@bg_color                   cstackCOMRAM 00002B
lcd_draw_string@fg_color                   cstackCOMRAM 000029
lcd_draw_string@k                          cstackCOMRAM 000031
lcd_draw_string@lIndex                     cstackCOMRAM 000033
lcd_draw_string@pS                         cstackCOMRAM 000027
lcd_draw_string@x                          cstackCOMRAM 000023
lcd_draw_string@y                          cstackCOMRAM 000025
lcd_fill@bg_color                          cstackCOMRAM 00000D
lcd_fill@height                            cstackCOMRAM 00000F
lcd_fill@width                             cstackCOMRAM 000011
lcd_send@dc                                cstackCOMRAM 000006
lcd_send@value                             cstackCOMRAM 000005
lcd_set_cursor@x                           cstackCOMRAM 000009
lcd_set_cursor@y                           cstackCOMRAM 00000B
lcd_set_cursor_x@x                         cstackCOMRAM 000007
lcd_set_cursor_y@y                         cstackCOMRAM 000007
msDelay@k                                  cstackCOMRAM 000006
msDelay@ms                                 cstackCOMRAM 000005
otoa@d                                     cstackCOMRAM 000021
otoa@fp                                    cstackCOMRAM 00001F
otoa@i                                     cstackCOMRAM 00003F
otoa@n                                     cstackCOMRAM 000037
otoa@p                                     cstackCOMRAM 000031
otoa@t                                     cstackCOMRAM 000033
otoa@w                                     cstackCOMRAM 000035
pad@buf                                    cstackCOMRAM 000016
pad@fp                                     cstackCOMRAM 000014
pad@i                                      cstackCOMRAM 00001B
pad@p                                      cstackCOMRAM 000018
[...]
  spiUniqueCon    1    4[COMRAM] enum E353
 Return value:  Size  Location     Type
                  1    wreg      _Bool 
 Registers used:
		wreg, status,2, status,0, tblptrl, tblptrh, tblptru, prodl, prodh
 Tracked objects:
		On entry : 
		On exit  : 
		Unchanged: 
 Data sizes:     COMRAM   BANK0   BANK1   BANK2   BANK3   BANK4   BANK5   BANK6   BANK7   BANK8   BANK9  BANK10  BANK11  BANK12  BANK13  BANK14
      Params:         0       0       0       0       0       0       0       0       0       0       0       0       0       0       0       0
      Locals:         1       0       0       0       0       0       0       0       0       0       0       0       0       0       0       0
      Temps:          1       0       0       0       0       0       0       0       0       0       0       0       0       0       0       0
      Totals:         2       0       0       0       0       0       0       0       0       0       0       0       0       0       0       0
Total ram usage:        2 bytes
 Hardware stack levels used:    1
 Hardware stack levels required when called:    4
 This function calls:
		Nothing
 This function is called by:
		_main
 This function uses a non-reentrant model


 *************** function _ADC_GetConversion *****************
 Defined at:
		line 108 in file "mcc_generated_files/adc.c"
 Parameters:    Size  Location     Type
  channel         1    wreg     enum E12385
 Auto vars:     Size  Location     Type
  channel         1    7[COMRAM] enum E12385
 Return value:  Size  Location     Type
                  2    3[COMRAM] unsigned short 
 Registers used:
		wreg, status,2, status,0
 Tracked objects:
		On entry : 
		On exit  : 
		Unchanged: 
 Data sizes:     COMRAM   BANK0   BANK1   BANK2   BANK3   BANK4   BANK5   BANK6   BANK7   BANK8   BANK9  BANK10  BANK11  BANK12  BANK13  BANK14
      Params:         2       0       0       0       0       0       0       0       0       0       0       0       0       0       0       0
      Locals:         1       0       0       0       0       0       0       0       0       0       0       0       0       0       0       0
      Temps:          2       0       0       0       0       0       0       0       0       0       0       0       0       0       0       0
      Totals:         5       0       0       0       0       0       0       0       0       0       0       0       0       0       0       0
Total ram usage:        5 bytes
 Hardware stack levels used:    1
 Hardware stack levels required when called:    4
 This function calls:
		Nothing
 This function is called by:
		_main
 This function uses a non-reentrant model


 *************** function _INTERRUPT_InterruptManager *****************
 Defined at:
		line 58 in file "mcc_generated_files/interrupt_manager.c"
 Parameters:    Size  Location     Type
		None
 Auto vars:     Size  Location     Type
		None
 Return value:  Size  Location     Type
                  1    wreg      void 
 Registers used:
		wreg, status,2, status,0, pclath, tosl, cstack
 Tracked objects:
		On entry : 
		On exit  : 
		Unchanged: 
 Data sizes:     COMRAM   BANK0   BANK1   BANK2   BANK3   BANK4   BANK5   BANK6   BANK7   BANK8   BANK9  BANK10  BANK11  BANK12  BANK13  BANK14
      Params:         0       0       0       0       0       0       0       0       0       0       0       0       0       0       0       0
      Locals:         0       0       0       0       0       0       0       0       0       0       0       0       0       0       0       0
      Temps:          2       0       0       0       0       0       0       0       0       0       0       0       0       0       0       0
      Totals:         2       0       0       0       0       0       0       0       0       0       0       0       0       0       0       0
Total ram usage:        2 bytes
 Hardware stack levels used:    1
 Hardware stack levels required when called:    3
 This function calls:
		_PIN_MANAGER_IOC
 This function is called by:
		Interrupt level 2
 This function uses a non-reentrant model


 *************** function _PIN_MANAGER_IOC *****************
 Defined at:
		line 107 in file "mcc_generated_files/pin_manager.c"
 Parameters:    Size  Location     Type
		None
 Auto vars:     Size  Location     Type
		None
 Return value:  Size  Location     Type
                  1    wreg      void 
 Registers used:
		wreg, status,2, status,0, pclath, tosl, cstack
 Tracked objects:
		On entry : 
		On exit  : 
		Unchanged: 
 Data sizes:     COMRAM   BANK0   BANK1   BANK2   BANK3   BANK4   BANK5   BANK6   BANK7   BANK8   BANK9  BANK10  BANK11  BANK12  BANK13  BANK14
      Params:         0       0       0       0       0       0       0       0       0       0       0       0       0       0       0       0
      Locals:         0       0       0       0       0       0       0       0       0       0       0       0       0       0       0       0
      Temps:          0       0       0       0       0       0       0       0       0       0       0       0       0       0       0       0
      Totals:         0       0       0       0       0       0       0       0       0       0       0       0       0       0       0       0
Total ram usage:        0 bytes
 Hardware stack levels used:    1
 Hardware stack levels required when called:    2
 This function calls:
		_IOCB4_ISR
 This function is called by:
		_INTERRUPT_InterruptManager
 This function uses a non-reentrant model


 *************** function _IOCB4_ISR *****************
 Defined at:
		line 121 in file "mcc_generated_files/pin_manager.c"
 Parameters:    Size  Location     Type
		None
 Auto vars:     Size  Location     Type
		None
 Return value:  Size  Location     Type
                  1    wreg      void 
 Registers used:
		wreg, status,2, status,0, pclath, tosl, cstack
 Tracked objects:
		On entry : 
		On exit  : 
		Unchanged: 
 Data sizes:     COMRAM   BANK0   BANK1   BANK2   BANK3   BANK4   BANK5   BANK6   BANK7   BANK8   BANK9  BANK10  BANK11  BANK12  BANK13  BANK14
      Params:         0       0       0       0       0       0       0       0       0       0       0       0       0       0       0       0
      Locals:         0       0       0       0       0       0       0       0       0       0       0       0       0       0       0       0
      Temps:          0       0       0       0       0       0       0       0       0       0       0       0       0       0       0       0
      Totals:         0       0       0       0       0       0       0       0       0       0       0       0       0       0       0       0
Total ram usage:        0 bytes
 Hardware stack levels used:    1
 Hardware stack levels required when called:    1
 This function calls:
		Absolute function
		_IOCB4_DefaultInterruptHandler
		_IOCB4_InterruptCall
 This function is called by:
		_PIN_MANAGER_IOC
 This function uses a non-reentrant model


 *************** function _IOCB4_DefaultInterruptHandler *****************
 Defined at:
		line 142 in file "mcc_generated_files/pin_manager.c"
 Parameters:    Size  Location     Type
		None
 Auto vars:     Size  Location     Type
		None
 Return value:  Size  Location     Type
                  1    wreg      void 
 Registers used:
		None
 Tracked objects:
		On entry : 
		On exit  : 
		Unchanged: 
 Data sizes:     COMRAM   BANK0   BANK1   BANK2   BANK3   BANK4   BANK5   BANK6   BANK7   BANK8   BANK9  BANK10  BANK11  BANK12  BANK13  BANK14
      Params:         0       0       0       0       0       0       0       0       0       0       0       0       0       0       0       0
      Locals:         0       0       0       0       0       0       0       0       0       0       0       0       0       0       0       0
      Temps:          0       0       0       0       0       0       0       0       0       0       0       0       0       0       0       0
      Totals:         0       0       0       0       0       0       0       0       0       0       0       0       0       0       0       0
Total ram usage:        0 bytes
 Hardware stack levels used:    1
 This function calls:
		Nothing
 This function is called by:
		_PIN_MANAGER_Initialize
		_IOCB4_ISR
 This function uses a non-reentrant model


 *************** function _IOCB4_InterruptCall *****************
 Defined at:
		line 18 in file "main.c"
 Parameters:    Size  Location     Type
		None
 Auto vars:     Size  Location     Type
		None
 Return value:  Size  Location     Type
                  1    wreg      void 
 Registers used:
		wreg, status,2, status,0
 Tracked objects:
		On entry : 
		On exit  : 
		Unchanged: 
 Data sizes:     COMRAM   BANK0   BANK1   BANK2   BANK3   BANK4   BANK5   BANK6   BANK7   BANK8   BANK9  BANK10  BANK11  BANK12  BANK13  BANK14
      Params:         0       0       0       0       0       0       0       0       0       0       0       0       0       0       0       0
      Locals:         0       0       0       0       0       0       0       0       0       0       0       0       0       0       0       0
      Temps:          1       0       0       0       0       0       0       0       0       0       0       0       0       0       0       0
      Totals:         1       0       0       0       0       0       0       0       0       0       0       0       0       0       0       0
Total ram usage:        1 bytes
 Hardware stack levels used:    1
 This function calls:
		Nothing
 This function is called by:
		_main
		_IOCB4_ISR
 This function uses a non-reentrant model



MODULE INFORMATION

Module		Function		Class		Link	Load	Size
C:\Program Files (x86)\Microchip\xc8\v2.10\pic\sources\c99\common\floorf.c
		_floorf        		CODE           	36A2	0000	531

C:\Program Files (x86)\Microchip\xc8\v2.10\pic\sources\c99\common\floorf.c estimated size: 531

C:\Program Files (x86)\Microchip\xc8\v2.10\pic\sources\c99\common\atoi.c
		_atoi          		CODE           	3E5C	0000	411

C:\Program Files (x86)\Microchip\xc8\v2.10\pic\sources\c99\common\atoi.c estimated size: 411

C:\Program Files (x86)\Microchip\xc8\v2.10\pic\sources\c99\common\islower.c
		_islower       		CODE           	5964	0000	57

C:\Program Files (x86)\Microchip\xc8\v2.10\pic\sources\c99\common\islower.c estimated size: 57

C:\Program Files (x86)\Microchip\xc8\v2.10\pic\sources\c99\common\fleq.c
		___fleq        		CODE           	530E	0000	171

C:\Program Files (x86)\Microchip\xc8\v2.10\pic\sources\c99\common\fleq.c estimated size: 171

C:\Program Files (x86)\Microchip\xc8\v2.10\pic\sources\c99\common\lodiv.c
		___lodiv       		CODE           	4D9A	0000	241

C:\Program Files (x86)\Microchip\xc8\v2.10\pic\sources\c99\common\lodiv.c estimated size: 241

C:\Program Files (x86)\Microchip\xc8\v2.10\pic\sources\c99\common\aodiv.c
		___aodiv       		CODE           	3FF6	0000	393

C:\Program Files (x86)\Microchip\xc8\v2.10\pic\sources\c99\common\aodiv.c estimated size: 393

C:\Program Files (x86)\Microchip\xc8\v2.10\pic\sources\c99\common\xxtofl.c
		___xxtofl      		CODE           	3CA8	0000	437

C:\Program Files (x86)\Microchip\xc8\v2.10\pic\sources\c99\common\xxtofl.c estimated size: 437

C:\Program Files (x86)\Microchip\xc8\v2.10\pic\sources\c99\common\toupper.c
		_toupper       		CODE           	54FE	0000	95

C:\Program Files (x86)\Microchip\xc8\v2.10\pic\sources\c99\common\toupper.c estimated size: 95

C:\Program Files (x86)\Microchip\xc8\v2.10\pic\sources\c99\common\isalpha.c
		_isalpha       		CODE           	58EE	0000	61

C:\Program Files (x86)\Microchip\xc8\v2.10\pic\sources\c99\common\isalpha.c estimated size: 61

mcc_generated_files/interrupt_manager.c
		_INTERRUPT_Initialize		CODE           	5C20	0000	5
		_INTERRUPT_InterruptManager		CODE           	0008	0000	55

mcc_generated_files/interrupt_manager.c estimated size: 60

C:\Program Files (x86)\Microchip\xc8\v2.10\pic\sources\c99\common\awdiv.c
		___awdiv       		CODE           	50EA	0000	197

C:\Program Files (x86)\Microchip\xc8\v2.10\pic\sources\c99\common\awdiv.c estimated size: 197

C:\Program Files (x86)\Microchip\xc8\v2.10\pic\sources\c99\common\isspace.c
		_isspace       		CODE           	5674	0000	83

C:\Program Files (x86)\Microchip\xc8\v2.10\pic\sources\c99\common\isspace.c estimated size: 83

C:\Program Files (x86)\Microchip\xc8\v2.10\pic\sources\c99\common\fltol.c
		___fltol       		CODE           	4A92	0000	263

C:\Program Files (x86)\Microchip\xc8\v2.10\pic\sources\c99\common\fltol.c estimated size: 263

C:\Program Files (x86)\Microchip\xc8\v2.10\pic\sources\c99\common\strlen.c
		_strlen        		CODE           	5A44	0000	55

C:\Program Files (x86)\Microchip\xc8\v2.10\pic\sources\c99\common\strlen.c estimated size: 55

C:\Program Files (x86)\Microchip\xc8\v2.10\pic\sources\c99\common\strcpy.c
		_strcpy        		CODE           	555C	0000	95

C:\Program Files (x86)\Microchip\xc8\v2.10\pic\sources\c99\common\strcpy.c estimated size: 95

C:\Program Files (x86)\Microchip\xc8\v2.10\pic\sources\c99\common\strncmp.c
		_strncmp       		CODE           	485C	0000	295

C:\Program Files (x86)\Microchip\xc8\v2.10\pic\sources\c99\common\strncmp.c estimated size: 295

C:\Program Files (x86)\Microchip\xc8\v2.10\pic\sources\c99\common\tolower.c
		_tolower       		CODE           	549E	0000	97

C:\Program Files (x86)\Microchip\xc8\v2.10\pic\sources\c99\common\tolower.c estimated size: 97

mcc_generated_files/pin_manager.c
		_IOCB4_DefaultInterruptHandler		CODE           	5C26	0000	3
		_PIN_MANAGER_Initialize		CODE           	57E2	0000	71
		_PIN_MANAGER_IOC		CODE           	5BA6	0000	25
		_IOCB4_SetInterruptHandler		CODE           	5C0E	0000	11
		_IOCB4_ISR     		CODE           	5ADA	0000	47

mcc_generated_files/pin_manager.c estimated size: 157

C:\Program Files (x86)\Microchip\xc8\v2.10\pic\sources\c99\common\sprcmul.c
		___flmul       		CODE           	2596	0000	1067

C:\Program Files (x86)\Microchip\xc8\v2.10\pic\sources\c99\common\sprcmul.c estimated size: 1067

C:\Program Files (x86)\Microchip\xc8\v2.10\pic\sources\c99\common\sprcdiv.c
		___fldiv       		CODE           	29C0	0000	923

C:\Program Files (x86)\Microchip\xc8\v2.10\pic\sources\c99\common\sprcdiv.c estimated size: 923

mcc_generated_files/adc.c
		_ADC_Initialize		CODE           	5BD4	0000	23
		_ADC_GetConversion		CODE           	592A	0000	59

mcc_generated_files/adc.c estimated size: 82

C:\Program Files (x86)\Microchip\xc8\v2.10\pic\sources\c99\common\doprnt.c
		_vfpfcnvrt     		CODE           	0042	0000	5349
		_efgtoa        		CODE           	1526	0000	2993
		_pad           		CODE           	5024	0000	199
		_ctoa          		CODE           	5618	0000	93
		_dtoa          		CODE           	30E0	0000	743
		_vfprintf      		CODE           	543A	0000	101
		_otoa          		CODE           	3AB8	0000	497
		_stoa          		CODE           	417E	0000	391
		_utoa          		CODE           	38B4	0000	517
		_xtoa          		CODE           	33C6	0000	733

C:\Program Files (x86)\Microchip\xc8\v2.10\pic\sources\c99\common\doprnt.c estimated size: 11616

C:\Program Files (x86)\Microchip\xc8\v2.10\pic\sources\c99\common\nf_fputs.c
		_fputs         		CODE           	5828	0000	69

C:\Program Files (x86)\Microchip\xc8\v2.10\pic\sources\c99\common\nf_fputs.c estimated size: 69

mcc_generated_files/spi.c
		_SPI_ExchangeByte		CODE           	5B5A	0000	27
		_SPI_Open      		CODE           	525E	0000	177
		_SPI_Initialize		CODE           	5BEA	0000	19

mcc_generated_files/spi.c estimated size: 223

C:\Program Files (x86)\Microchip\xc8\v2.10\pic\sources\c99\common\flge.c
		___flge        		CODE           	4B98	0000	261

C:\Program Files (x86)\Microchip\xc8\v2.10\pic\sources\c99\common\flge.c estimated size: 261

C:\Program Files (x86)\Microchip\xc8\v2.10\pic\sources\c99\common\flneg.c
		___flneg       		CODE           	59D4	0000	57

C:\Program Files (x86)\Microchip\xc8\v2.10\pic\sources\c99\common\flneg.c estimated size: 57

shared
		_font          		MEDIUMCONST    	F1CD	0000	3533
		__initialization		CODE           	5756	0000	61
		_spi_configuration		MEDIUMCONST    	FF99	0000	5

shared estimated size: 3599

C:\Program Files (x86)\Microchip\xc8\v2.10\pic\sources\c99\common\putch.c
		_putch         		CODE           	5C24	0000	3

C:\Program Files (x86)\Microchip\xc8\v2.10\pic\sources\c99\common\putch.c estimated size: 3

mcc_generated_files/mcc.c
		_OSCILLATOR_Initialize		CODE           	5BFC	0000	19
		_SYSTEM_Initialize		CODE           	5B74	0000	27

mcc_generated_files/mcc.c estimated size: 46

C:\Program Files (x86)\Microchip\xc8\v2.10\pic\sources\c99\common\isdigit.c
		_isdigit       		CODE           	5A0C	0000	57

C:\Program Files (x86)\Microchip\xc8\v2.10\pic\sources\c99\common\isdigit.c estimated size: 57

C:\Program Files (x86)\Microchip\xc8\v2.10\pic\sources\c99\common\lomod.c
		___lomod       		CODE           	4E8A	0000	209

C:\Program Files (x86)\Microchip\xc8\v2.10\pic\sources\c99\common\lomod.c estimated size: 209

C:\Program Files (x86)\Microchip\xc8\v2.10\pic\sources\c99\common\sprcadd.c
		___flsub       		CODE           	579C	0000	71
		___fladd       		CODE           	20D6	0000	1217

C:\Program Files (x86)\Microchip\xc8\v2.10\pic\sources\c99\common\sprcadd.c estimated size: 1288

mcc_generated_files/tmr1.c
		_TMR1_Initialize		CODE           	5B08	0000	45

mcc_generated_files/tmr1.c estimated size: 45

C:\Program Files (x86)\Microchip\xc8\v2.10\pic\sources\c99\common\aomod.c
		___aomod       		CODE           	447E	0000	357

C:\Program Files (x86)\Microchip\xc8\v2.10\pic\sources\c99\common\aomod.c estimated size: 357

C:\Program Files (x86)\Microchip\xc8\v2.10\pic\sources\c99\common\abs.c
		_abs           		CODE           	58AE	0000	65

C:\Program Files (x86)\Microchip\xc8\v2.10\pic\sources\c99\common\abs.c estimated size: 65

C:\Program Files (x86)\Microchip\xc8\v2.10\pic\sources\c99\common\Umul16.c
		___wmul        		CODE           	5B34	0000	39

C:\Program Files (x86)\Microchip\xc8\v2.10\pic\sources\c99\common\Umul16.c estimated size: 39

lib_ili9341.c
		_lcd_send      		CODE           	5B8E	0000	25
		_lcd_draw_char 		CODE           	4304	0000	379
		_lcd_draw_pixel		CODE           	5BBE	0000	23
		_lcd_set_cursor_x		CODE           	570E	0000	73
		_lcd_set_cursor_y		CODE           	56C6	0000	73
		_lcd_set_cursor		CODE           	586C	0000	67
		_msDelay       		CODE           	5AAC	0000	47
		_lcd_draw_string		CODE           	472A	0000	307
		_lcd_fill      		CODE           	53B8	0000	131
		_lcd_init      		CODE           	2D5A	0000	903

lib_ili9341.c estimated size: 2028

C:\Program Files (x86)\Microchip\xc8\v2.10\pic\sources\c99\common\snprintf.c
		_snprintf      		CODE           	5A7A	0000	51

C:\Program Files (x86)\Microchip\xc8\v2.10\pic\sources\c99\common\snprintf.c estimated size: 51

C:\Program Files (x86)\Microchip\xc8\v2.10\pic\sources\c99\common\awmod.c
		___awmod       		CODE           	51AE	0000	177

C:\Program Files (x86)\Microchip\xc8\v2.10\pic\sources\c99\common\awmod.c estimated size: 177

main.c
		_main          		CODE           	45E2	0000	329
		_IOCB4_InterruptCall		CODE           	55BA	0000	95

main.c estimated size: 424

C:\Program Files (x86)\Microchip\xc8\v2.10\pic\sources\c99\common\nf_vsnprintf.c
		_vsnprintf     		CODE           	4982	0000	273

C:\Program Files (x86)\Microchip\xc8\v2.10\pic\sources\c99\common\nf_vsnprintf.c estimated size: 273

C:\Program Files (x86)\Microchip\xc8\v2.10\pic\sources\c99\common\isupper.c
		_isupper       		CODE           	599C	0000	57

C:\Program Files (x86)\Microchip\xc8\v2.10\pic\sources\c99\common\isupper.c estimated size: 57

C:\Program Files (x86)\Microchip\xc8\v2.10\pic\sources\c99\common\__fpclassifyf.c
		___fpclassifyf 		CODE           	4C9C	0000	255

C:\Program Files (x86)\Microchip\xc8\v2.10\pic\sources\c99\common\__fpclassifyf.c estimated size: 255

C:\Program Files (x86)\Microchip\xc8\v2.10\pic\sources\c99\common\nf_fputc.c
		_fputc         		CODE           	4F5A	0000	203

C:\Program Files (x86)\Microchip\xc8\v2.10\pic\sources\c99\common\nf_fputc.c estimated size: 203

