Microchip MPLAB XC8 Compiler V2.10 ()

Linker command line:

-W-3 --edf=C:\Program Files (x86)\Microchip\xc8\v2.10\pic\dat\en_msgs.txt \
  -cs -h+dist/default/debug\Aula_2.X.debug.sym \
  --cmf=dist/default/debug\Aula_2.X.debug.cmf -z -Q18F46K80 \
  -oC:\Users\Blitzar\AppData\Local\Temp\splg.2 --defsym=__MPLAB_BUILD=1 \
  -Mdist/default/debug/Aula_2.X.debug.map -E1 -ver=XC8 --acfsm=1493 \
  -ASTACK=0164h-0E40h -pstack=STACK -ACODE=00h-0FFFFh -ACONST=00h-0FFFFh \
  -ASMALLCONST=0F00h-0FFFhx241 -AMEDIUMCONST=0F00h-0FFFFh -ACOMRAM=01h-05Fh \
  -AABS1=00h-0E40h -ABIGRAM=01h-0E40h \
  -ARAM=060h-0FFh,0100h-01FFhx13,0E00h-0E40h -ABANK0=060h-0FFh \
  -ABANK1=0100h-01FFh -ABANK2=0200h-02FFh -ABANK3=0300h-03FFh \
  -ABANK4=0400h-04FFh -ABANK5=0500h-05FFh -ABANK6=0600h-06FFh \
  -ABANK7=0700h-07FFh -ABANK8=0800h-08FFh -ABANK9=0900h-09FFh \
  -ABANK10=0A00h-0AFFh -ABANK11=0B00h-0BFFh -ABANK12=0C00h-0CFFh \
  -ABANK13=0D00h-0DFFh -ABANK14=0E00h-0E40h \
  -ASFR=0E41h-0EFFh,0F00h-0F5Fh,0F60h-0FFFh \
  -preset_vec=00h,intcode=08h,intcodelo,powerup,init -pramtop=0F00h \
  -psmallconst=SMALLCONST -pmediumconst=MEDIUMCONST -pconst=CONST \
  -AFARRAM=00h-00h -ACONFIG=0300000h-030000Dh -pconfig=CONFIG \
  -AIDLOC=0200000h-0200007h -pidloc=IDLOC -AEEDATA=0F00000h-0F003FFh \
  -peeprom_data=EEDATA \
  -prdata=COMRAM,nvrram=COMRAM,nvbit=COMRAM,rbss=COMRAM,rbit=COMRAM \
  -pfarbss=FARRAM,fardata=FARRAM,nvFARRAM=FARRAM \
  -pintsave_regs=BIGRAM,bigbss=BIGRAM,bigdata=BIGRAM -pbss=RAM \
  -pidata=CODE,irdata=CODE,ibigdata=CODE,ifardata=CODE -prparam=COMRAM \
  C:\Users\Blitzar\AppData\Local\Temp\splg.o \
  dist/default/debug\Aula_2.X.debug.o 

Object code version is 3.11

Machine type is 18F46K80

Call graph: (short form)




                Name                               Link     Load   Length Selector   Space Scale
C:\Users\Blitzar\AppData\Local\Temp\splg.o
                init                                 74       74        4        4       0
                reset_vec                             0        0        4        0       0
                idloc                            200000   200000        8   200000       0
                config                           300000   300000        E   300000       0
dist/default/debug\Aula_2.X.debug.o
                intcode                               8        8       6C        4       0
                temp                                 5A       5A        1        1       1
                mediumconst                        F1C0     F1C0      E40     78E0       0
                text59                             381E     381E        C        4       0
                text58                             384E     384E        2     1C23       0
                text57                             36AE     36AE       30        4       0
                text56                             3616     3616       36        4       0
                text55                             384C     384C        2     1C23       0
                text54                             370C     370C       2E        4       0
                text53                             37B6     37B6       18        4       0
                text51                             307A     307A       B0        4       0
                text50                             3834     3834        A        4       0
                text49                             3760     3760       24        4       0
                text48                             3846     3846        4     1C23       0
                text47                             380C     380C       12        4       0
                text46                             382A     382A        A        4       0
                text45                             33F0     33F0       46        4       0
                text44                             37FA     37FA       12        4       0
                text43                             37E4     37E4       16        4       0
                text42                             3784     3784       1A        4       0
                text41                             379E     379E       18        4       0
                text40                             37CE     37CE       16        4       0
                text39                             3362     3362       48        4       0
                text38                             331A     331A       48        4       0
                text37                             347A     347A       42        4       0
                text36                             364C     364C       32        4       0
                text35                             2630     2630      168        4       0
                text34                             24B6     24B6      17A        4       0
                text33                             28FC     28FC      132        4       0
                text32                             312A     312A       82        4       0
                text31                             36DE     36DE       2E        4       0
                text30                             12F0     12F0      386        4       0
                text29                             373A     373A       26        4       0
                text28                             35A8     35A8       38        4       0
                text27                             32C8     32C8       52        4       0
                text26                             2012     2012      19A        4       0
                text25                             384A     384A        2     1C23       0
                text24                             2EEE     2EEE       CA        4       0
                text23                             3436     3436       44        4       0
                text22                             35E0     35E0       36        4       0
                text21                             2FB8     2FB8       C2        4       0
                text20                             326E     326E       5A        4       0
                text19                             21AC     21AC      188        4       0
                text18                             2798     2798      164        4       0
                text17                             34BC     34BC       40        4       0
                text16                             1676     1676      2DE        4       0
                text15                             1E28     1E28      1EA        4       0
                text14                             2334     2334      182        4       0
                text13                             2D34     2D34       EA        4       0
                text12                             2C44     2C44       F0        4       0
                text11                             2E1E     2E1E       D0        4       0
                text10                             1C28     1C28      200        4       0
                text9                              34FC     34FC       3C        4       0
                text8                              3570     3570       38        4       0
                text7                              3538     3538       38        4       0
                text6                              3210     3210       5E        4       0
                text5                              1954     1954      2D4        4       0
                text4                                78       78     1278        4       0
                text3                              31AC     31AC       64        4       0
                text2                              2A2E     2A2E      110        4       0
                text1                              367E     367E       30        4       0
                text0                              2B3E     2B3E      106        4       0
                cstackCOMRAM                          1        1       57        1       1
                cstackBANK0                          60       60       3D       60       1
                bssBANK1                            100      100       64      100       1
                dataBANK0                            CB       CB        7       60       1
                bssBANK0                             9D       9D       2E       60       1
                bssCOMRAM                            58       58        2        1       1
                cinit                              33AA     33AA       46        4       0
                nvBANK0                              D2       D2        4       60       1
                idataBANK0                         383E     383E        7        4       0

TOTAL           Name                               Link     Load   Length     Space
        CLASS   STACK          

        CLASS   CODE           
                intcode                               8        8       6C         0
                init                                 74       74        4         0
                reset_vec                             0        0        4         0
                text59                             381E     381E        C         0
                text58                             384E     384E        2         0
                text57                             36AE     36AE       30         0
                text56                             3616     3616       36         0
                text55                             384C     384C        2         0
                text54                             370C     370C       2E         0
                text53                             37B6     37B6       18         0
                text51                             307A     307A       B0         0
                text50                             3834     3834        A         0
                text49                             3760     3760       24         0
                text48                             3846     3846        4         0
                text47                             380C     380C       12         0
                text46                             382A     382A        A         0
                text45                             33F0     33F0       46         0
                text44                             37FA     37FA       12         0
                text43                             37E4     37E4       16         0
                text42                             3784     3784       1A         0
                text41                             379E     379E       18         0
                text40                             37CE     37CE       16         0
                text39                             3362     3362       48         0
                text38                             331A     331A       48         0
                text37                             347A     347A       42         0
                text36                             364C     364C       32         0
                text35                             2630     2630      168         0
                text34                             24B6     24B6      17A         0
                text33                             28FC     28FC      132         0
                text32                             312A     312A       82         0
                text31                             36DE     36DE       2E         0
                text30                             12F0     12F0      386         0
                text29                             373A     373A       26         0
                text28                             35A8     35A8       38         0
                text27                             32C8     32C8       52         0
                text26                             2012     2012      19A         0
                text25                             384A     384A        2         0
                text24                             2EEE     2EEE       CA         0
                text23                             3436     3436       44         0
                text22                             35E0     35E0       36         0
                text21                             2FB8     2FB8       C2         0
                text20                             326E     326E       5A         0
                text19                             21AC     21AC      188         0
                text18                             2798     2798      164         0
                text17                             34BC     34BC       40         0
                text16                             1676     1676      2DE         0
                text15                             1E28     1E28      1EA         0
                text14                             2334     2334      182         0
                text13                             2D34     2D34       EA         0
                text12                             2C44     2C44       F0         0
                text11                             2E1E     2E1E       D0         0
                text10                             1C28     1C28      200         0
                text9                              34FC     34FC       3C         0
                text8                              3570     3570       38         0
                text7                              3538     3538       38         0
                text6                              3210     3210       5E         0
                text5                              1954     1954      2D4         0
                text4                                78       78     1278         0
                text3                              31AC     31AC       64         0
                text2                              2A2E     2A2E      110         0
                text1                              367E     367E       30         0
                text0                              2B3E     2B3E      106         0
                cinit                              33AA     33AA       46         0
                idataBANK0                         383E     383E        7         0

        CLASS   CONST          

        CLASS   SMALLCONST     

        CLASS   MEDIUMCONST    
                mediumconst                        F1C0     F1C0      E40         0

        CLASS   COMRAM         
                temp                                 5A       5A        1         1
                cstackCOMRAM                          1        1       57         1
                bssCOMRAM                            58       58        2         1

        CLASS   ABS1           

        CLASS   BIGRAM         

        CLASS   RAM            

        CLASS   BANK0          
                cstackBANK0                          60       60       3D         1
                dataBANK0                            CB       CB        7         1
                bssBANK0                             9D       9D       2E         1
                nvBANK0                              D2       D2        4         1

        CLASS   BANK1          
                bssBANK1                            100      100       64         1

        CLASS   BANK2          

        CLASS   BANK3          

        CLASS   BANK4          

        CLASS   BANK5          

        CLASS   BANK6          

        CLASS   BANK7          

        CLASS   BANK8          

        CLASS   BANK9          

        CLASS   BANK10         

        CLASS   BANK11         

        CLASS   BANK12         

        CLASS   BANK13         

        CLASS   BANK14         

        CLASS   SFR            

        CLASS   FARRAM         

        CLASS   CONFIG         
                config                           300000   300000        E         0

        CLASS   IDLOC          
                idloc                            200000   200000        8         0

        CLASS   EEDATA         



SEGMENTS        Name                           Load    Length   Top    Selector   Space  Class

                reset_vec                      000000  000004  000004         0       0  CODE    
                cstackCOMRAM                   000001  00005A  00005B         1       1  COMRAM  
                intcode                        000008  00383D  003845         4       0  CODE    
                cstackBANK0                    000060  000076  0000D6        60       1  BANK0   
                bssBANK1                       000100  000064  000164       100       1  BANK1   
                text48                         003846  00000A  003850      1C23       0  CODE    
                mediumconst                    00F1C0  000E40  010000      78E0       0  MEDIUMCO
                idloc                          200000  000008  200008    200000       0  IDLOC   
                config                         300000  00000E  30000E    300000       0  CONFIG  


UNUSED ADDRESS RANGES

        Name                Unused          Largest block    Delta
        BANK0            0000D6-0000FF               2A
        BANK1            000164-0001FF               9C
        BANK10           000A00-000AFF              100
        BANK11           000B00-000BFF              100
        BANK12           000C00-000CFF              100
        BANK13           000D00-000DFF              100
        BANK14           000E00-000E40               41
        BANK2            000200-0002FF              100
        BANK3            000300-0003FF              100
        BANK4            000400-0004FF              100
        BANK5            000500-0005FF              100
        BANK6            000600-0006FF              100
        BANK7            000700-0007FF              100
        BANK8            000800-0008FF              100
        BANK9            000900-0009FF              100
        BIGRAM           00005B-00005F                5
                         0000D6-0000FF               2A
                         000164-000E40              CDD
        CODE             000004-000007                4
                         003845-003845                1
                         003850-00F1BF             B970
        COMRAM           00005B-00005F                5
        CONST            000004-000007                4
                         003845-003845                1
                         003850-00F1BF             B970
        EEDATA           F00000-F003FF              400
        MEDIUMCONST      003845-003845                1
                         003850-00F1BF             B970
        RAM              0000D6-0000FF               2A
                         000164-000E40              100
        SFR              000E41-000FFF               BF
        SMALLCONST       003845-003845                1
                         003850-00F1BF              100
        STACK            000164-000E40              CDD

                                  Symbol Table

?___aodiv                                  cstackCOMRAM 000004
?___aomod                                  cstackCOMRAM 000004
?___lodiv                                  cstackCOMRAM 000004
?___lomod                                  cstackCOMRAM 000004
?___wmul                                   cstackCOMRAM 000004
?_abs                                      cstackCOMRAM 000016
?_atoi                                     cstackCOMRAM 00000B
?_ctoa                                     cstackCOMRAM 00001F
?_dtoa                                     cstackCOMRAM 00001F
?_isalpha                                  cstackCOMRAM 000004
?_isdigit                                  cstackCOMRAM 000004
?_islower                                  cstackCOMRAM 000004
?_isspace                                  cstackCOMRAM 000004
?_isupper                                  cstackCOMRAM 000004
?_otoa                                     cstackCOMRAM 00001F
?_pad                                      cstackCOMRAM 000014
?_snprintf                                 cstackBANK0  000091
?_stoa                                     cstackCOMRAM 00000D
?_strlen                                   cstackCOMRAM 000004
?_strncmp                                  cstackCOMRAM 000004
?_toupper                                  cstackCOMRAM 00000A
?_utoa                                     cstackCOMRAM 00001F
?_vfpfcnvrt                                cstackCOMRAM 000046
?_vfprintf                                 cstackCOMRAM 000050
?_vsnprintf                                cstackBANK0  00007B
?_xtoa                                     cstackCOMRAM 00001F
ADC_SetInterruptHandler@InterruptHandler   cstackCOMRAM 000004
IOCB4_SetInterruptHandler@InterruptHandler cstackCOMRAM 000004
SPI_ExchangeByte@data                      cstackCOMRAM 000004
SPI_Open@spiUniqueConfiguration            cstackCOMRAM 000005
_ADCON0                                    (abs)        000FC2
_ADCON0bits                                (abs)        000FC2
_ADCON1                                    (abs)        000FC1
_ADCON2                                    (abs)        000FC0
_ADC_DefaultInterruptHandler               text58       00384E
_ADC_ISR                                   text57       0036AE
_ADC_Initialize                            text49       003760
_ADC_InterruptHandler                      nvBANK0      0000D2
_ADC_POT                                   text59       00381E
_ADC_SetInterruptHandler                   text50       003834
_ADRESH                                    (abs)        000FC4
_ADRESL                                    (abs)        000FC3
_ANCON0                                    (abs)        000F5D
_ANCON1                                    (abs)        000F5C
_INTCON2bits                               (abs)        000FF1
_INTCONbits                                (abs)        000FF2
_INTERRUPT_Initialize                      text48       003846
_INTERRUPT_InterruptManager                intcode      000008
_IOCB4_DefaultInterruptHandler             text55       00384C
_IOCB4_ISR                                 text54       00370C
_IOCB4_InterruptHandler                    nvBANK0      0000D4
_IOCB4_SetInterruptHandler                 text46       00382A
_IOCBbits                                  (abs)        000F5A
_LATA                                      (abs)        000F89
_LATAbits                                  (abs)        000F89
_LATB                                      (abs)        000F8A
_LATC                                      (abs)        000F8B
_LATD                                      (abs)        000F8C
_LATE                                      (abs)        000F8D
_LATEbits                                  (abs)        000F8D
_OSCCON                                    (abs)        000FD3
_OSCCON2                                   (abs)        000FD2
_OSCILLATOR_Initialize                     text47       00380C
_OSCTUNE                                   (abs)        000F9B
_PIE1bits                                  (abs)        000F9D
_PIN_MANAGER_IOC                           text53       0037B6
_PIN_MANAGER_Initialize                    text45       0033F0
_PIR1bits                                  (abs)        000F9E
_PORTBbits                                 (abs)        000F81
_RCONbits                                  (abs)        000FD0
_REFOCON                                   (abs)        000F9A
_SPI_ExchangeByte                          text42       003784
_SPI_Initialize                            text44       0037FA
_SPI_Open                                  text51       00307A
_SSPADD                                    (abs)        000FC8
_SSPBUF                                    (abs)        000FC9
_SSPCON1                                   (abs)        000FC6
_SSPCON1bits                               (abs)        000FC6
_SSPCON2                                   (abs)        000FC5
_SSPSTAT                                   (abs)        000FC7
_SSPSTATbits                               (abs)        000FC7
_SYSTEM_Initialize                         text43       0037E4
_TRISA                                     (abs)        000F92
_TRISB                                     (abs)        000F93
_TRISC                                     (abs)        000F94
_TRISCbits                                 (abs)        000F94
_TRISD                                     (abs)        000F95
_TRISE                                     (abs)        000F96
_WPUB                                      (abs)        000F5B
__CFG_BBSIZ$BB2K                           (abs)        000000
__CFG_BOREN$SBORDIS                        (abs)        000000
__CFG_BORPWR$ZPBORMV                       (abs)        000000
__CFG_BORV$3                               (abs)        000000
__CFG_CANMX$PORTB                          (abs)        000000
__CFG_CP0$OFF                              (abs)        000000
__CFG_CP1$OFF                              (abs)        000000
__CFG_CP2$OFF                              (abs)        000000
__CFG_CP3$OFF                              (abs)        000000
__CFG_CPB$OFF                              (abs)        000000
__CFG_CPD$OFF                              (abs)        000000
__CFG_EBTR0$OFF                            (abs)        000000
__CFG_EBTR1$OFF                            (abs)        000000
__CFG_EBTR2$OFF                            (abs)        000000
__CFG_EBTR3$OFF                            (abs)        000000
__CFG_EBTRB$OFF                            (abs)        000000
__CFG_FCMEN$OFF                            (abs)        000000
__CFG_FOSC$INTIO2                          (abs)        000000
__CFG_IESO$OFF                             (abs)        000000
__CFG_INTOSCSEL$HIGH                       (abs)        000000
__CFG_MCLRE$ON                             (abs)        000000
__CFG_MSSPMSK$MSK7                         (abs)        000000
__CFG_PLLCFG$OFF                           (abs)        000000
__CFG_PWRTEN$OFF                           (abs)        000000
__CFG_RETEN$OFF                            (abs)        000000
__CFG_SOSCSEL$DIG                          (abs)        000000
__CFG_STVREN$ON                            (abs)        000000
__CFG_WDTEN$OFF                            (abs)        000000
__CFG_WDTPS$1048576                        (abs)        000000
__CFG_WRT0$OFF                             (abs)        000000
__CFG_WRT1$OFF                             (abs)        000000
__CFG_WRT2$OFF                             (abs)        000000
__CFG_WRT3$OFF                             (abs)        000000
__CFG_WRTB$OFF                             (abs)        000000
__CFG_WRTC$OFF                             (abs)        000000
__CFG_WRTD$OFF                             (abs)        000000
__CFG_XINST$OFF                            (abs)        000000
__HRAM                                     (abs)        000000
__Habs1                                    abs1         000000
__Hbank0                                   bank0        000000
__Hbank1                                   bank1        000000
__Hbank10                                  bank10       000000
__Hbank11                                  bank11       000000
__Hbank12                                  bank12       000000
__Hbank13                                  bank13       000000
__Hbank14                                  bank14       000000
__Hbank2                                   bank2        000000
__Hbank3                                   bank3        000000
__Hbank4                                   bank4        000000
__Hbank5                                   bank5        000000
__Hbank6                                   bank6        000000
__Hbank7                                   bank7        000000
__Hbank8                                   bank8        000000
__Hbank9                                   bank9        000000
__Hbigbss                                  bigbss       000000
__Hbigdata                                 bigdata      000000
__Hbigram                                  bigram       000000
__Hbss                                     bss          000000
__HbssBANK0                                bssBANK0     000000
__HbssBANK1                                bssBANK1     000000
__HbssCOMRAM                               bssCOMRAM    000000
__Hcinit                                   cinit        000000
__Hclrtext                                 clrtext      000000
__Hcomram                                  comram       000000
__Hconfig                                  config       30000E
__Hconst                                   const        000000
__HcstackBANK0                             cstackBANK0  000000
__HcstackCOMRAM                            cstackCOMRAM 000000
__Hdata                                    data         000000
__HdataBANK0                               dataBANK0    000000
__Heeprom_data                             eeprom_data  000000
__Hfarbss                                  farbss       000000
__Hfardata                                 fardata      000000
__Hibigdata                                ibigdata     000000
__Hidata                                   idata        000000
__HidataBANK0                              idataBANK0   000000
__Hidloc                                   idloc        200008
__Hifardata                                ifardata     000000
__Hinit                                    init         000078
__Hintcode                                 intcode      000074
__Hintcode_body                            intcode_body 000000
__Hintcodelo                               intcodelo    000074
__Hintentry                                intentry     000000
__Hintret                                  intret       000000
__Hintsave_regs                            intsave_regs 000000
__Hirdata                                  irdata       000000
__Hmediumconst                             mediumconst  010000
__HnvBANK0                                 nvBANK0      000000
__HnvFARRAM                                nvFARRAM     000000
__Hnvbit                                   nvbit        000000
__Hnvrram                                  nvrram       000000
__Hparam                                   rparam       000000
__Hpowerup                                 powerup      000074
__Hram                                     ram          000000
__Hramtop                                  ramtop       000F00
__Hrbit                                    rbit         000000
__Hrbss                                    rbss         000000
__Hrdata                                   rdata        000000
__Hreset_vec                               reset_vec    000004
__Hrparam                                  rparam       000000
__Hsfr                                     sfr          000000
__Hsmallconst                              smallconst   000000
__Hspace_0                                 (abs)        30000E
__Hspace_1                                 (abs)        000164
__Hspace_2                                 (abs)        000000
__Hstack                                   stack        000000
__Hstruct                                  struct       000000
__Htemp                                    temp         00005B
__Htext                                    text         000000
__Htext0                                   text0        000000
__Htext1                                   text1        000000
__Htext10                                  text10       000000
__Htext11                                  text11       000000
__Htext12                                  text12       000000
__Htext13                                  text13       000000
__Htext14                                  text14       000000
__Htext15                                  text15       000000
__Htext16                                  text16       000000
__Htext17                                  text17       000000
__Htext18                                  text18       000000
__Htext19                                  text19       000000
__Htext2                                   text2        000000
__Htext20                                  text20       000000
__Htext21                                  text21       000000
__Htext22                                  text22       000000
__Htext23                                  text23       000000
__Htext24                                  text24       000000
__Htext25                                  text25       000000
__Htext26                                  text26       000000
__Htext27                                  text27       000000
__Htext28                                  text28       000000
__Htext29                                  text29       000000
__Htext3                                   text3        000000
__Htext30                                  text30       000000
__Htext31                                  text31       000000
__Htext32                                  text32       000000
__Htext33                                  text33       000000
__Htext34                                  text34       000000
__Htext35                                  text35       000000
__Htext36                                  text36       000000
__Htext37                                  text37       000000
__Htext38                                  text38       000000
__Htext39                                  text39       000000
__Htext4                                   text4        000000
__Htext40                                  text40       000000
__Htext41                                  text41       000000
__Htext42                                  text42       000000
__Htext43                                  text43       000000
__Htext44                                  text44       000000
__Htext45                                  text45       000000
__Htext46                                  text46       000000
__Htext47                                  text47       000000
__Htext48                                  text48       000000
__Htext49                                  text49       000000
__Htext5                                   text5        000000
__Htext50                                  text50       000000
__Htext51                                  text51       000000
__Htext53                                  text53       000000
__Htext54                                  text54       000000
__Htext55                                  text55       000000
__Htext56                                  text56       000000
__Htext57                                  text57       000000
__Htext58                                  text58       000000
__Htext59                                  text59       000000
__Htext6                                   text6        000000
__Htext60                                  text60       000000
__Htext7                                   text7        000000
__Htext8                                   text8        000000
__Htext9                                   text9        000000
__LRAM                                     (abs)        000001
__Labs1                                    abs1         000000
__Lbank0                                   bank0        000000
__Lbank1                                   bank1        000000
__Lbank10                                  bank10       000000
__Lbank11                                  bank11       000000
__Lbank12                                  bank12       000000
__Lbank13                                  bank13       000000
__Lbank14                                  bank14       000000
__Lbank2                                   bank2        000000
__Lbank3                                   bank3        000000
__Lbank4                                   bank4        000000
__Lbank5                                   bank5        000000
__Lbank6                                   bank6        000000
__Lbank7                                   bank7        000000
__Lbank8                                   bank8        000000
__Lbank9                                   bank9        000000
__Lbigbss                                  bigbss       000000
__Lbigdata                                 bigdata      000000
__Lbigram                                  bigram       000000
__Lbss                                     bss          000000
__LbssBANK0                                bssBANK0     000000
__LbssBANK1                                bssBANK1     000000
__LbssCOMRAM                               bssCOMRAM    000000
__Lcinit                                   cinit        000000
__Lclrtext                                 clrtext      000000
__Lcomram                                  comram       000000
__Lconfig                                  config       300000
__Lconst                                   const        000000
__LcstackBANK0                             cstackBANK0  000000
__LcstackCOMRAM                            cstackCOMRAM 000000
__Ldata                                    data         000000
__LdataBANK0                               dataBANK0    000000
__Leeprom_data                             eeprom_data  000000
__Lfarbss                                  farbss       000000
__Lfardata                                 fardata      000000
__Libigdata                                ibigdata     000000
__Lidata                                   idata        000000
__LidataBANK0                              idataBANK0   000000
__Lidloc                                   idloc        200000
__Lifardata                                ifardata     000000
__Linit                                    init         000074
__Lintcode                                 intcode      000008
__Lintcode_body                            intcode_body 000000
__Lintcodelo                               intcodelo    000074
__Lintentry                                intentry     000000
__Lintret                                  intret       000000
__Lintsave_regs                            intsave_regs 000000
__Lirdata                                  irdata       000000
__Lmediumconst                             mediumconst  00F1C0
__LnvBANK0                                 nvBANK0      000000
__LnvFARRAM                                nvFARRAM     000000
__Lnvbit                                   nvbit        000000
__Lnvrram                                  nvrram       000000
__Lparam                                   rparam       000000
__Lpowerup                                 powerup      000074
__Lram                                     ram          000000
__Lramtop                                  ramtop       000F00
__Lrbit                                    rbit         000000
__Lrbss                                    rbss         000000
__Lrdata                                   rdata        000000
__Lreset_vec                               reset_vec    000000
__Lrparam                                  rparam       000000
__Lsfr                                     sfr          000000
__Lsmallconst                              smallconst   000000
__Lspace_0                                 (abs)        000000
__Lspace_1                                 (abs)        000000
__Lspace_2                                 (abs)        000000
__Lstack                                   stack        000000
__Lstruct                                  struct       000000
__Ltemp                                    temp         00005A
__Ltext                                    text         000000
__Ltext0                                   text0        000000
__Ltext1                                   text1        000000
__Ltext10                                  text10       000000
__Ltext11                                  text11       000000
__Ltext12                                  text12       000000
__Ltext13                                  text13       000000
__Ltext14                                  text14       000000
__Ltext15                                  text15       000000
__Ltext16                                  text16       000000
__Ltext17                                  text17       000000
__Ltext18                                  text18       000000
__Ltext19                                  text19       000000
__Ltext2                                   text2        000000
__Ltext20                                  text20       000000
__Ltext21                                  text21       000000
__Ltext22                                  text22       000000
__Ltext23                                  text23       000000
__Ltext24                                  text24       000000
__Ltext25                                  text25       000000
__Ltext26                                  text26       000000
__Ltext27                                  text27       000000
__Ltext28                                  text28       000000
__Ltext29                                  text29       000000
__Ltext3                                   text3        000000
__Ltext30                                  text30       000000
__Ltext31                                  text31       000000
__Ltext32                                  text32       000000
__Ltext33                                  text33       000000
__Ltext34                                  text34       000000
__Ltext35                                  text35       000000
__Ltext36                                  text36       000000
__Ltext37                                  text37       000000
__Ltext38                                  text38       000000
__Ltext39                                  text39       000000
__Ltext4                                   text4        000000
__Ltext40                                  text40       000000
__Ltext41                                  text41       000000
__Ltext42                                  text42       000000
__Ltext43                                  text43       000000
__Ltext44                                  text44       000000
__Ltext45                                  text45       000000
__Ltext46                                  text46       000000
__Ltext47                                  text47       000000
__Ltext48                                  text48       000000
__Ltext49                                  text49       000000
__Ltext5                                   text5        000000
__Ltext50                                  text50       000000
__Ltext51                                  text51       000000
__Ltext53                                  text53       000000
__Ltext54                                  text54       000000
__Ltext55                                  text55       000000
__Ltext56                                  text56       000000
__Ltext57                                  text57       000000
__Ltext58                                  text58       000000
__Ltext59                                  text59       000000
__Ltext6                                   text6        000000
__Ltext60                                  text60       000000
__Ltext7                                   text7        000000
__Ltext8                                   text8        000000
__Ltext9                                   text9        000000
__S0                                       (abs)        30000E
__S1                                       (abs)        000164
__S2                                       (abs)        000000
___aodiv                                   text19       0021AC
___aodiv@counter                           cstackCOMRAM 000014
___aodiv@dividend                          cstackCOMRAM 000004
___aodiv@divisor                           cstackCOMRAM 00000C
___aodiv@quotient                          cstackCOMRAM 000016
___aodiv@sign                              cstackCOMRAM 000015
___aomod                                   text18       002798
___aomod@counter                           cstackCOMRAM 000014
___aomod@dividend                          cstackCOMRAM 000004
___aomod@divisor                           cstackCOMRAM 00000C
___aomod@sign                              cstackCOMRAM 000015
___inthi_sp                                stack        000000
___intlo_sp                                stack        000000
___lodiv                                   text12       002C44
___lodiv@counter                           cstackCOMRAM 00001C
___lodiv@dividend                          cstackCOMRAM 000004
___lodiv@divisor                           cstackCOMRAM 00000C
___lodiv@quotient                          cstackCOMRAM 000014
___lomod                                   text11       002E1E
___lomod@counter                           cstackCOMRAM 000014
___lomod@dividend                          cstackCOMRAM 000004
___lomod@divisor                           cstackCOMRAM 00000C
___param_bank                              (abs)        000000
___rparam_used                             (abs)        000001
___sp                                      stack        000000
___wmul                                    text29       00373A
___wmul@multiplicand                       cstackCOMRAM 000006
___wmul@multiplier                         cstackCOMRAM 000004
___wmul@product                            cstackCOMRAM 000008
__accesstop                                (abs)        000060
__activetblptr                             (abs)        000003
__end_of_ADC_DefaultInterruptHandler       text58       003850
__end_of_ADC_ISR                           text57       0036DE
__end_of_ADC_Initialize                    text49       003784
__end_of_ADC_POT                           text59       00382A
__end_of_ADC_SetInterruptHandler           text50       00383E
__end_of_INTERRUPT_Initialize              text48       00384A
__end_of_INTERRUPT_InterruptManager        intcode      000074
__end_of_IOCB4_DefaultInterruptHandler     text55       00384E
__end_of_IOCB4_ISR                         text54       00373A
__end_of_IOCB4_SetInterruptHandler         text46       003834
__end_of_OSCILLATOR_Initialize             text47       00381E
__end_of_PIN_MANAGER_IOC                   text53       0037CE
__end_of_PIN_MANAGER_Initialize            text45       003436
__end_of_SPI_ExchangeByte                  text42       00379E
__end_of_SPI_Initialize                    text44       00380C
__end_of_SPI_Open                          text51       00312A
__end_of_SYSTEM_Initialize                 text43       0037FA
__end_of___aodiv                           text19       002334
__end_of___aomod                           text18       0028FC
__end_of___lodiv                           text12       002D34
__end_of___lomod                           text11       002EEE
__end_of___wmul                            text29       003760
__end_of__initialization                   cinit        0033E6
__end_of_abs                               text17       0034FC
__end_of_acende_led                        text56       00364C
__end_of_atoi                              text26       0021AC
__end_of_ctoa                              text20       0032C8
__end_of_dtoa                              text16       001954
__end_of_font                              mediumconst  00FF8D
__end_of_fputc                             text24       002FB8
__end_of_fputs                             text23       00347A
__end_of_isalpha                           text9        003538
__end_of_isdigit                           text28       0035E0
__end_of_islower                           text7        003570
__end_of_isspace                           text27       00331A
__end_of_isupper                           text8        0035A8
__end_of_lcd_draw_char                     text34       002630
__end_of_lcd_draw_line                     text35       002798
__end_of_lcd_draw_pixel                    text40       0037E4
__end_of_lcd_draw_pixel_at                 text36       00367E
__end_of_lcd_draw_string                   text33       002A2E
__end_of_lcd_fill                          text32       0031AC
__end_of_lcd_init                          text30       001676
__end_of_lcd_send                          text41       0037B6
__end_of_lcd_set_cursor                    text37       0034BC
__end_of_lcd_set_cursor_x                  text39       0033AA
__end_of_lcd_set_cursor_y                  text38       003362
__end_of_main                              text0        002C44
__end_of_msDelay                           text31       00370C
__end_of_otoa                              text15       002012
__end_of_pad                               text21       00307A
__end_of_putch                             text25       00384C
__end_of_snprintf                          text1        0036AE
__end_of_spi_configuration                 mediumconst  00FF91
__end_of_stoa                              text14       0024B6
__end_of_strlen                            text22       003616
__end_of_strncmp                           text13       002E1E
__end_of_toupper                           text6        00326E
__end_of_utoa                              text10       001E28
__end_of_vfpfcnvrt                         text4        0012F0
__end_of_vfprintf                          text3        003210
__end_of_vsnprintf                         text2        002B3E
__end_of_xtoa                              text5        001C28
__initialization                           cinit        0033AA
__mediumconst                              mediumconst  00F1C0
__pbssBANK0                                bssBANK0     00009D
__pbssBANK1                                bssBANK1     000100
__pbssCOMRAM                               bssCOMRAM    000058
__pcinit                                   cinit        0033AA
__pcstackBANK0                             cstackBANK0  000060
__pcstackCOMRAM                            cstackCOMRAM 000001
__pdataBANK0                               dataBANK0    0000CB
__pidataBANK0                              idataBANK0   00383E
__pintcode                                 intcode      000008
__pmediumconst                             mediumconst  00F1C0
__pnvBANK0                                 nvBANK0      0000D2
__ptext0                                   text0        002B3E
__ptext1                                   text1        00367E
__ptext10                                  text10       001C28
__ptext11                                  text11       002E1E
__ptext12                                  text12       002C44
__ptext13                                  text13       002D34
__ptext14                                  text14       002334
__ptext15                                  text15       001E28
__ptext16                                  text16       001676
__ptext17                                  text17       0034BC
__ptext18                                  text18       002798
__ptext19                                  text19       0021AC
__ptext2                                   text2        002A2E
__ptext20                                  text20       00326E
__ptext21                                  text21       002FB8
__ptext22                                  text22       0035E0
__ptext23                                  text23       003436
__ptext24                                  text24       002EEE
__ptext25                                  text25       00384A
__ptext26                                  text26       002012
__ptext27                                  text27       0032C8
__ptext28                                  text28       0035A8
__ptext29                                  text29       00373A
__ptext3                                   text3        0031AC
__ptext30                                  text30       0012F0
__ptext31                                  text31       0036DE
__ptext32                                  text32       00312A
__ptext33                                  text33       0028FC
__ptext34                                  text34       0024B6
__ptext35                                  text35       002630
__ptext36                                  text36       00364C
__ptext37                                  text37       00347A
__ptext38                                  text38       00331A
__ptext39                                  text39       003362
__ptext4                                   text4        000078
__ptext40                                  text40       0037CE
__ptext41                                  text41       00379E
__ptext42                                  text42       003784
__ptext43                                  text43       0037E4
__ptext44                                  text44       0037FA
__ptext45                                  text45       0033F0
__ptext46                                  text46       00382A
__ptext47                                  text47       00380C
__ptext48                                  text48       003846
__ptext49                                  text49       003760
__ptext5                                   text5        001954
__ptext50                                  text50       003834
__ptext51                                  text51       00307A
__ptext53                                  text53       0037B6
__ptext54                                  text54       00370C
__ptext55                                  text55       00384C
__ptext56                                  text56       003616
__ptext57                                  text57       0036AE
__ptext58                                  text58       00384E
__ptext59                                  text59       00381E
__ptext6                                   text6        003210
__ptext60                                  text60       000000
__ptext7                                   text7        003538
__ptext8                                   text8        003570
__ptext9                                   text9        0034FC
__ramtop                                   ramtop       000F00
__size_of_ADC_DefaultInterruptHandler      (abs)        000000
__size_of_ADC_ISR                          (abs)        000000
__size_of_ADC_Initialize                   (abs)        000000
__size_of_ADC_POT                          (abs)        000000
__size_of_ADC_SetInterruptHandler          (abs)        000000
__size_of_INTERRUPT_Initialize             (abs)        000000
__size_of_INTERRUPT_InterruptManager       (abs)        000000
__size_of_IOCB4_DefaultInterruptHandler    (abs)        000000
__size_of_IOCB4_ISR                        (abs)        000000
__size_of_IOCB4_SetInterruptHandler        (abs)        000000
__size_of_OSCILLATOR_Initialize            (abs)        000000
__size_of_PIN_MANAGER_IOC                  (abs)        000000
__size_of_PIN_MANAGER_Initialize           (abs)        000000
__size_of_SPI_ExchangeByte                 (abs)        000000
__size_of_SPI_Initialize                   (abs)        000000
__size_of_SPI_Open                         (abs)        000000
__size_of_SYSTEM_Initialize                (abs)        000000
__size_of___aodiv                          (abs)        000000
__size_of___aomod                          (abs)        000000
__size_of___lodiv                          (abs)        000000
__size_of___lomod                          (abs)        000000
__size_of___wmul                           (abs)        000000
__size_of_abs                              (abs)        000000
__size_of_acende_led                       (abs)        000000
__size_of_atoi                             (abs)        000000
__size_of_ctoa                             (abs)        000000
__size_of_dtoa                             (abs)        000000
__size_of_fputc                            (abs)        000000
__size_of_fputs                            (abs)        000000
__size_of_isalpha                          (abs)        000000
__size_of_isdigit                          (abs)        000000
__size_of_islower                          (abs)        000000
__size_of_isspace                          (abs)        000000
__size_of_isupper                          (abs)        000000
__size_of_lcd_draw_char                    (abs)        000000
__size_of_lcd_draw_line                    (abs)        000000
__size_of_lcd_draw_pixel                   (abs)        000000
__size_of_lcd_draw_pixel_at                (abs)        000000
__size_of_lcd_draw_string                  (abs)        000000
__size_of_lcd_fill                         (abs)        000000
__size_of_lcd_init                         (abs)        000000
__size_of_lcd_send                         (abs)        000000
__size_of_lcd_set_cursor                   (abs)        000000
__size_of_lcd_set_cursor_x                 (abs)        000000
__size_of_lcd_set_cursor_y                 (abs)        000000
__size_of_main                             (abs)        000000
__size_of_msDelay                          (abs)        000000
__size_of_otoa                             (abs)        000000
__size_of_pad                              (abs)        000000
__size_of_putch                            (abs)        000000
__size_of_snprintf                         (abs)        000000
__size_of_stoa                             (abs)        000000
__size_of_strlen                           (abs)        000000
__size_of_strncmp                          (abs)        000000
__size_of_toupper                          (abs)        000000
__size_of_utoa                             (abs)        000000
__size_of_vfpfcnvrt                        (abs)        000000
__size_of_vfprintf                         (abs)        000000
__size_of_vsnprintf                        (abs)        000000
__size_of_xtoa                             (abs)        000000
__smallconst                               smallconst   000000
_abs                                       text17       0034BC
_acende_led                                text56       003616
_atoi                                      text26       002012
_atoi$1875                                 cstackCOMRAM 000013
_atoi$1876                                 cstackCOMRAM 000017
_atoi$1877                                 cstackCOMRAM 000015
_codigo_digital                            bssBANK0     0000A9
_ctoa                                      text20       00326E
_dbuf                                      bssBANK0     0000AB
_dtoa                                      text16       001676
_dtoa$1262                                 cstackCOMRAM 000031
_errno                                     bssBANK0     00009D
_flags                                     bssCOMRAM    000058
_font                                      mediumconst  00F1C1
_fputc                                     text24       002EEE
_fputs                                     text23       003436
_global_bg_color                           bssBANK0     0000A5
_isalpha                                   text9        0034FC
_isdigit                                   text28       0035A8
_islower                                   text7        003538
_isspace                                   text27       0032C8
_isspace$1902                              cstackCOMRAM 00000A
_isupper                                   text8        003570
_lcd_draw_char                             text34       0024B6
_lcd_draw_line                             text35       002630
_lcd_draw_pixel                            text40       0037CE
_lcd_draw_pixel_at                         text36       00364C
_lcd_draw_string                           text33       0028FC
_lcd_fill                                  text32       00312A
_lcd_init                                  text30       0012F0
_lcd_send                                  text41       00379E
_lcd_set_cursor                            text37       00347A
_lcd_set_cursor_x                          text39       003362
_lcd_set_cursor_y                          text38       00331A
_main                                      text0        002B3E
_msDelay                                   text31       0036DE
_nout                                      bssBANK0     00009F
_otoa                                      text15       001E28
_pad                                       text21       002FB8
_percentagem                               bssBANK0     0000A7
_prec                                      bssBANK0     0000A3
_putch                                     text25       00384A
_snprintf                                  text1        00367E
_spi_configuration                         mediumconst  00FF8D
_stoa                                      text14       002334
_string                                    bssBANK1     000100
_strlen                                    text22       0035E0
_strncmp                                   text13       002D34
_toupper                                   text6        003210
_toupper$1982                              cstackCOMRAM 000010
_utoa                                      text10       001C28
_vfpfcnvrt                                 text4        000078
_vfpfcnvrt$1313                            cstackBANK0  000064
_vfpfcnvrt$1314                            cstackBANK0  000066
_vfprintf                                  text3        0031AC
_vsnprintf                                 text2        002A2E
_vsnprintf$2014                            cstackBANK0  000087
_width                                     bssBANK0     0000A1
_xtoa                                      text5        001954
_xtoa$1298                                 cstackCOMRAM 000032
_xtoa$1299                                 cstackCOMRAM 000034
abs@a                                      cstackCOMRAM 000016
atoi@n                                     cstackCOMRAM 000018
atoi@neg                                   cstackCOMRAM 000011
atoi@s                                     cstackCOMRAM 00000B
btemp                                      temp         00005A
ctoa@c                                     cstackCOMRAM 000021
ctoa@fp                                    cstackCOMRAM 00001F
ctoa@w                                     cstackCOMRAM 000022
dtoa@d                                     cstackCOMRAM 000021
dtoa@fp                                    cstackCOMRAM 00001F
dtoa@i                                     cstackCOMRAM 000041
dtoa@n                                     cstackCOMRAM 000039
dtoa@p                                     cstackCOMRAM 000033
dtoa@s                                     cstackCOMRAM 000037
dtoa@w                                     cstackCOMRAM 000035
end_of_initialization                      cinit        0033E6
fputc@c                                    cstackCOMRAM 000004
fputc@fp                                   cstackCOMRAM 000006
fputs@c                                    cstackCOMRAM 000011
fputs@fp                                   cstackCOMRAM 00000F
fputs@i                                    cstackCOMRAM 000012
fputs@s                                    cstackCOMRAM 00000D
int$flags                                  temp         00005A
intlevel0                                  text         000000
intlevel1                                  text         000000
intlevel2                                  text         000000
intlevel3                                  text         000000
isalpha@c                                  cstackCOMRAM 000004
isdigit@c                                  cstackCOMRAM 000004
islower@c                                  cstackCOMRAM 000004
isspace@c                                  cstackCOMRAM 000004
isupper@c                                  cstackCOMRAM 000004
lcd_draw_char@bg_color                     cstackCOMRAM 000015
lcd_draw_char@fIndex                       cstackCOMRAM 000011
lcd_draw_char@fg_color                     cstackCOMRAM 000013
lcd_draw_char@i                            cstackCOMRAM 000022
lcd_draw_char@j                            cstackCOMRAM 000020
lcd_draw_char@k                            cstackCOMRAM 000021
lcd_draw_char@x                            cstackCOMRAM 00000D
lcd_draw_char@y                            cstackCOMRAM 00000F
lcd_draw_line@color                        cstackCOMRAM 00001B
lcd_draw_line@dx                           cstackCOMRAM 000026
lcd_draw_line@dy                           cstackCOMRAM 000028
lcd_draw_line@e2                           cstackCOMRAM 000024
lcd_draw_line@err                          cstackCOMRAM 000022
lcd_draw_line@sx                           cstackCOMRAM 00001E
lcd_draw_line@sy                           cstackCOMRAM 000020
lcd_draw_line@x0                           cstackCOMRAM 000013
lcd_draw_line@x1                           cstackCOMRAM 000017
lcd_draw_line@y0                           cstackCOMRAM 000015
lcd_draw_line@y1                           cstackCOMRAM 000019
lcd_draw_pixel@color                       cstackCOMRAM 000007
lcd_draw_pixel_at@color                    cstackCOMRAM 000011
lcd_draw_pixel_at@x                        cstackCOMRAM 00000D
lcd_draw_pixel_at@y                        cstackCOMRAM 00000F
lcd_draw_string@bg_color                   cstackCOMRAM 00002B
lcd_draw_string@fg_color                   cstackCOMRAM 000029
lcd_draw_string@k                          cstackCOMRAM 000031
lcd_draw_string@lIndex                     cstackCOMRAM 000033
lcd_draw_string@pS                         cstackCOMRAM 000027
lcd_draw_string@x                          cstackCOMRAM 000023
lcd_draw_string@y                          cstackCOMRAM 000025
lcd_fill@bg_color                          cstackCOMRAM 00000D
lcd_fill@height                            cstackCOMRAM 00000F
lcd_fill@width                             cstackCOMRAM 000011
lcd_send@dc                                cstackCOMRAM 000006
lcd_send@value                             cstackCOMRAM 000005
lcd_set_cursor@x                           cstackCOMRAM 000009
lcd_set_cursor@y                           cstackCOMRAM 00000B
lcd_set_cursor_x@x                         cstackCOMRAM 000007
lcd_set_cursor_y@y                         cstackCOMRAM 000007
msDelay@k                                  cstackCOMRAM 000006
msDelay@ms                                 cstackCOMRAM 000005
otoa@d                                     cstackCOMRAM 000021
otoa@fp                                    cstackCOMRAM 00001F
otoa@i                                     cstackCOMRAM 00003F
otoa@n                                     cstackCOMRAM 000037
otoa@p                                     cstackCOMRAM 000031
otoa@t                                     cstackCOMRAM 000033
otoa@w                                     cstackCOMRAM 000035
pad@buf                                    cstackCOMRAM 000016
pad@fp                                     cstackCOMRAM 000014
pad@i                                      cstackCOMRAM 00001B
pad@p                                      cstackCOMRAM 000018
pad@w                                      cstackCOMRAM 00001D
snprintf@ap                                cstackBANK0  00009B
snprintf@fmt                               cstackBANK0  000095
snprintf@n                                 cstackBANK0  000093
snprintf@s                                 cstackBANK0  000091
stackhi                                    (abs)        000E40
stacklo                                    (abs)        000164
start                                      init         000074
start_initialization                       cinit        0033AA
stoa@F1152                                 dataBANK0    0000CB
stoa@cp                                    cstackCOMRAM 00001D
stoa@fp                                    cstackCOMRAM 00000D
stoa@i                                     cstackCOMRAM 000019
stoa@l                                     cstackCOMRAM 000021
stoa@nuls                                  cstackCOMRAM 000012
stoa@p                                     cstackCOMRAM 00001F
stoa@s                                     cstackCOMRAM 00000F
stoa@w                                     cstackCOMRAM 00001B
strlen@a                                   cstackCOMRAM 000006
strlen@s                                   cstackCOMRAM 000004
strncmp@_l                                 cstackCOMRAM 000004
strncmp@_r                                 cstackCOMRAM 000006
strncmp@l                                  cstackCOMRAM 00000B
strncmp@n                                  cstackCOMRAM 000008
strncmp@r                                  cstackCOMRAM 00000D
toupper@c                                  cstackCOMRAM 00000A
ttemp5                                     temp         00005B
ttemp6                                     temp         00005E
ttemp7                                     temp         000062
utoa@d                                     cstackCOMRAM 000021
utoa@fp                                    cstackCOMRAM 00001F
utoa@i                                     cstackCOMRAM 00003D
utoa@n                                     cstackCOMRAM 000035
utoa@p                                     cstackCOMRAM 000031
utoa@w                                     cstackCOMRAM 000033
vfpfcnvrt@ap                               cstackCOMRAM 00004A
vfpfcnvrt@c                                cstackBANK0  000072
vfpfcnvrt@cp                               cstackBANK0  000060
vfpfcnvrt@done                             cstackBANK0  000062
vfpfcnvrt@fmt                              cstackCOMRAM 000048
vfpfcnvrt@fp                               cstackCOMRAM 000046
vfpfcnvrt@ll                               cstackBANK0  000068
vfpfcnvrt@llu                              cstackBANK0  000073
vfpfcnvrt@vp                               cstackBANK0  000070
vfprintf@ap                                cstackCOMRAM 000054
vfprintf@cfmt                              cstackCOMRAM 000056
vfprintf@fmt                               cstackCOMRAM 000052
vfprintf@fp                                cstackCOMRAM 000050
vsnprintf@ap                               cstackBANK0  000081
vsnprintf@cnt                              cstackBANK0  000089
vsnprintf@f                                cstackBANK0  00008B
vsnprintf@fmt                              cstackBANK0  00007F
vsnprintf@n                                cstackBANK0  00007D
vsnprintf@s                                cstackBANK0  00007B
wtemp8                                     temp         00005B
xtoa@c                                     cstackCOMRAM 000044
xtoa@d                                     cstackCOMRAM 000021
xtoa@fp                                    cstackCOMRAM 00001F
xtoa@i                                     cstackCOMRAM 000042
xtoa@n                                     cstackCOMRAM 00003A
xtoa@p                                     cstackCOMRAM 000036
xtoa@w                                     cstackCOMRAM 000038
xtoa@x                                     cstackCOMRAM 000029


FUNCTION INFORMATION:

 *************** function _main *****************
 Defined at:
		line 39 in file "main.c"
 Parameters:    Size  Location     Type
		None
 Auto vars:     Size  Location     Type
		None
 Return value:  Size  Location     Type
                  1    wreg      void 
 Registers used:
		wreg, fsr1l, fsr1h, fsr2l, fsr2h, status,2, status,0, tblptrl, tblptrh, tblptru, prodl, prodh, cstack
 Tracked objects:
		On entry : 
		On exit  : 
		Unchanged: 
 Data sizes:     COMRAM   BANK0   BANK1   BANK2   BANK3   BANK4   BANK5   BANK6   BANK7   BANK8   BANK9  BANK10  BANK11  BANK12  BANK13  BANK14
      Params:         0       0       0       0       0       0       0       0       0       0       0       0       0       0       0       0
      Locals:         0       0       0       0       0       0       0       0       0       0       0       0       0       0       0       0
      Temps:          0       0       0       0       0       0       0       0       0       0       0       0       0       0       0       0
      Totals:         0       0       0       0       0       0       0       0       0       0       0       0       0       0       0       0
Total ram usage:        0 bytes
 Hardware stack levels required when called:   13
 This function calls:
		_ADC_SetInterruptHandler
		_IOCB4_SetInterruptHandler
		_SPI_Open
		_SYSTEM_Initialize
		_lcd_draw_line
		_lcd_draw_string
		_lcd_init
		_snprintf
 This function is called by:
		Startup code after reset
 This function uses a non-reentrant model


 *************** function _snprintf *****************
 Defined at:
		line 4 in file "C:\Program Files (x86)\Microchip\xc8\v2.10\pic\sources\c99\common\snprintf.c"
 Parameters:    Size  Location     Type
  s               2   49[BANK0 ] PTR unsigned char 
		 -> string(100), 
  n               2   51[BANK0 ] unsigned int 
  fmt             2   53[BANK0 ] PTR const unsigned char 
		 -> STR_3(17), 
 Auto vars:     Size  Location     Type
  ap              2   59[BANK0 ] PTR void [1]
		 -> ?_snprintf(2), 
  ret             2    0        int 
 Return value:  Size  Location     Type
                  2   49[BANK0 ] int 
 Registers used:
		wreg, fsr1l, fsr1h, fsr2l, fsr2h, status,2, status,0, tblptrl, tblptrh, tblptru, prodl, prodh, cstack
 Tracked objects:
		On entry : 
		On exit  : 
		Unchanged: 
 Data sizes:     COMRAM   BANK0   BANK1   BANK2   BANK3   BANK4   BANK5   BANK6   BANK7   BANK8   BANK9  BANK10  BANK11  BANK12  BANK13  BANK14
      Params:         0       8       0       0       0       0       0       0       0       0       0       0       0       0       0       0
      Locals:         0       4       0       0       0       0       0       0       0       0       0       0       0       0       0       0
      Temps:          0       0       0       0       0       0       0       0       0       0       0       0       0       0       0       0
      Totals:         0      12       0       0       0       0       0       0       0       0       0       0       0       0       0       0
Total ram usage:       12 bytes
 Hardware stack levels used:    1
 Hardware stack levels required when called:   12
 This function calls:
		_vsnprintf
 This function is called by:
		_main
 This function uses a non-reentrant model


 *************** function _vsnprintf *****************
 Defined at:
		line 11 in file "C:\Program Files (x86)\Microchip\xc8\v2.10\pic\sources\c99\common\nf_vsnprintf.c"
 Parameters:    Size  Location     Type
  s               2   27[BANK0 ] PTR unsigned char 
		 -> string(100), 
  n               2   29[BANK0 ] unsigned int 
  fmt             2   31[BANK0 ] PTR const unsigned char 
		 -> STR_3(17), 
  ap              2   33[BANK0 ] PTR PTR void 
		 -> snprintf@ap(2), 
 Auto vars:     Size  Location     Type
  f               6   43[BANK0 ] struct _IO_FILE
  cnt             2   41[BANK0 ] int 
 Return value:  Size  Location     Type
                  2   27[BANK0 ] int 
 Registers used:
		wreg, fsr1l, fsr1h, fsr2l, fsr2h, status,2, status,0, tblptrl, tblptrh, tblptru, prodl, prodh, cstack
 Tracked objects:
		On entry : 
		On exit  : 
		Unchanged: 
 Data sizes:     COMRAM   BANK0   BANK1   BANK2   BANK3   BANK4   BANK5   BANK6   BANK7   BANK8   BANK9  BANK10  BANK11  BANK12  BANK13  BANK14
      Params:         0       8       0       0       0       0       0       0       0       0       0       0       0       0       0       0
      Locals:         0      10       0       0       0       0       0       0       0       0       0       0       0       0       0       0
      Temps:          0       4       0       0       0       0       0       0       0       0       0       0       0       0       0       0
      Totals:         0      22       0       0       0       0       0       0       0       0       0       0       0       0       0       0
Total ram usage:       22 bytes
 Hardware stack levels used:    1
 Hardware stack levels required when called:   11
 This function calls:
		_vfprintf
 This function is called by:
		_snprintf
 This function uses a non-reentrant model


 *************** function _vfprintf *****************
 Defined at:
		line 1368 in file "C:\Program Files (x86)\Microchip\xc8\v2.10\pic\sources\c99\common\doprnt.c"
 Parameters:    Size  Location     Type
  fp              2   79[COMRAM] PTR struct _IO_FILE
		 -> vsnprintf@f(6), 
  fmt             2   81[COMRAM] PTR const unsigned char 
		 -> STR_3(17), 
  ap              2   83[COMRAM] PTR PTR void 
		 -> snprintf@ap(2), 
 Auto vars:     Size  Location     Type
  cfmt            2   85[COMRAM] PTR unsigned char 
		 -> STR_3(17), 
 Return value:  Size  Location     Type
                  2   79[COMRAM] int 
 Registers used:
		wreg, fsr1l, fsr1h, fsr2l, fsr2h, status,2, status,0, tblptrl, tblptrh, tblptru, prodl, prodh, cstack
 Tracked objects:
		On entry : 
		On exit  : 
		Unchanged: 
 Data sizes:     COMRAM   BANK0   BANK1   BANK2   BANK3   BANK4   BANK5   BANK6   BANK7   BANK8   BANK9  BANK10  BANK11  BANK12  BANK13  BANK14
      Params:         6       0       0       0       0       0       0       0       0       0       0       0       0       0       0       0
      Locals:         2       0       0       0       0       0       0       0       0       0       0       0       0       0       0       0
      Temps:          0       0       0       0       0       0       0       0       0       0       0       0       0       0       0       0
      Totals:         8       0       0       0       0       0       0       0       0       0       0       0       0       0       0       0
Total ram usage:        8 bytes
 Hardware stack levels used:    1
 Hardware stack levels required when called:   10
 This function calls:
		_vfpfcnvrt
 This function is called by:
		_vsnprintf
 This function uses a non-reentrant model


 *************** function _vfpfcnvrt *****************
 Defined at:
		line 670 in file "C:\Program Files (x86)\Microchip\xc8\v2.10\pic\sources\c99\common\doprnt.c"
 Parameters:    Size  Location     Type
  fp              2   69[COMRAM] PTR struct _IO_FILE
		 -> vsnprintf@f(6), 
  fmt             2   71[COMRAM] PTR PTR unsigned char 
		 -> vfprintf@cfmt(2), 
  ap              2   73[COMRAM] PTR PTR void 
		 -> snprintf@ap(2), 
 Auto vars:     Size  Location     Type
  llu             8   19[BANK0 ] unsigned long long 
  ll              8    8[BANK0 ] long long 
  f               4    0        long long 
  ct              3    0        unsigned char [3]
  vp              2   16[BANK0 ] PTR void 
		 -> ?_snprintf(2), 
  done            2    2[BANK0 ] int 
  cp              2    0[BANK0 ] PTR unsigned char 
		 -> ?_snprintf(2), 
  i               2    0        int 
  c               1   18[BANK0 ] unsigned char 
 Return value:  Size  Location     Type
                  2   69[COMRAM] int 
 Registers used:
		wreg, fsr1l, fsr1h, fsr2l, fsr2h, status,2, status,0, tblptrl, tblptrh, tblptru, prodl, prodh, cstack
 Tracked objects:
		On entry : 
		On exit  : 
		Unchanged: 
 Data sizes:     COMRAM   BANK0   BANK1   BANK2   BANK3   BANK4   BANK5   BANK6   BANK7   BANK8   BANK9  BANK10  BANK11  BANK12  BANK13  BANK14
      Params:         6       0       0       0       0       0       0       0       0       0       0       0       0       0       0       0
      Locals:         0      27       0       0       0       0       0       0       0       0       0       0       0       0       0       0
[...]
Total ram usage:        2 bytes
 Hardware stack levels used:    1
 Hardware stack levels required when called:    4
 This function calls:
		Nothing
 This function is called by:
		_ADC_Initialize
		_main
 This function uses a non-reentrant model


 *************** function _SPI_Open *****************
 Defined at:
		line 72 in file "mcc_generated_files/spi.c"
 Parameters:    Size  Location     Type
  spiUniqueCon    1    wreg     enum E353
 Auto vars:     Size  Location     Type
  spiUniqueCon    1    4[COMRAM] enum E353
 Return value:  Size  Location     Type
                  1    wreg      _Bool 
 Registers used:
		wreg, status,2, status,0, tblptrl, tblptrh, tblptru, prodl, prodh
 Tracked objects:
		On entry : 
		On exit  : 
		Unchanged: 
 Data sizes:     COMRAM   BANK0   BANK1   BANK2   BANK3   BANK4   BANK5   BANK6   BANK7   BANK8   BANK9  BANK10  BANK11  BANK12  BANK13  BANK14
      Params:         0       0       0       0       0       0       0       0       0       0       0       0       0       0       0       0
      Locals:         1       0       0       0       0       0       0       0       0       0       0       0       0       0       0       0
      Temps:          1       0       0       0       0       0       0       0       0       0       0       0       0       0       0       0
      Totals:         2       0       0       0       0       0       0       0       0       0       0       0       0       0       0       0
Total ram usage:        2 bytes
 Hardware stack levels used:    1
 Hardware stack levels required when called:    4
 This function calls:
		Nothing
 This function is called by:
		_main
 This function uses a non-reentrant model


 *************** function _INTERRUPT_InterruptManager *****************
 Defined at:
		line 58 in file "mcc_generated_files/interrupt_manager.c"
 Parameters:    Size  Location     Type
		None
 Auto vars:     Size  Location     Type
		None
 Return value:  Size  Location     Type
                  1    wreg      void 
 Registers used:
		wreg, status,2, status,0, pclath, tosl, cstack
 Tracked objects:
		On entry : 
		On exit  : 
		Unchanged: 
 Data sizes:     COMRAM   BANK0   BANK1   BANK2   BANK3   BANK4   BANK5   BANK6   BANK7   BANK8   BANK9  BANK10  BANK11  BANK12  BANK13  BANK14
      Params:         0       0       0       0       0       0       0       0       0       0       0       0       0       0       0       0
      Locals:         0       0       0       0       0       0       0       0       0       0       0       0       0       0       0       0
      Temps:          2       0       0       0       0       0       0       0       0       0       0       0       0       0       0       0
      Totals:         2       0       0       0       0       0       0       0       0       0       0       0       0       0       0       0
Total ram usage:        2 bytes
 Hardware stack levels used:    1
 Hardware stack levels required when called:    3
 This function calls:
		_ADC_ISR
		_PIN_MANAGER_IOC
 This function is called by:
		Interrupt level 2
 This function uses a non-reentrant model


 *************** function _PIN_MANAGER_IOC *****************
 Defined at:
		line 107 in file "mcc_generated_files/pin_manager.c"
 Parameters:    Size  Location     Type
		None
 Auto vars:     Size  Location     Type
		None
 Return value:  Size  Location     Type
                  1    wreg      void 
 Registers used:
		wreg, status,2, status,0, pclath, tosl, cstack
 Tracked objects:
		On entry : 
		On exit  : 
		Unchanged: 
 Data sizes:     COMRAM   BANK0   BANK1   BANK2   BANK3   BANK4   BANK5   BANK6   BANK7   BANK8   BANK9  BANK10  BANK11  BANK12  BANK13  BANK14
      Params:         0       0       0       0       0       0       0       0       0       0       0       0       0       0       0       0
      Locals:         0       0       0       0       0       0       0       0       0       0       0       0       0       0       0       0
      Temps:          0       0       0       0       0       0       0       0       0       0       0       0       0       0       0       0
      Totals:         0       0       0       0       0       0       0       0       0       0       0       0       0       0       0       0
Total ram usage:        0 bytes
 Hardware stack levels used:    1
 Hardware stack levels required when called:    2
 This function calls:
		_IOCB4_ISR
 This function is called by:
		_INTERRUPT_InterruptManager
 This function uses a non-reentrant model


 *************** function _IOCB4_ISR *****************
 Defined at:
		line 121 in file "mcc_generated_files/pin_manager.c"
 Parameters:    Size  Location     Type
		None
 Auto vars:     Size  Location     Type
		None
 Return value:  Size  Location     Type
                  1    wreg      void 
 Registers used:
		wreg, status,2, status,0, pclath, tosl, cstack
 Tracked objects:
		On entry : 
		On exit  : 
		Unchanged: 
 Data sizes:     COMRAM   BANK0   BANK1   BANK2   BANK3   BANK4   BANK5   BANK6   BANK7   BANK8   BANK9  BANK10  BANK11  BANK12  BANK13  BANK14
      Params:         0       0       0       0       0       0       0       0       0       0       0       0       0       0       0       0
      Locals:         0       0       0       0       0       0       0       0       0       0       0       0       0       0       0       0
      Temps:          0       0       0       0       0       0       0       0       0       0       0       0       0       0       0       0
      Totals:         0       0       0       0       0       0       0       0       0       0       0       0       0       0       0       0
Total ram usage:        0 bytes
 Hardware stack levels used:    1
 Hardware stack levels required when called:    1
 This function calls:
		Absolute function
		_IOCB4_DefaultInterruptHandler
		_acende_led
 This function is called by:
		_PIN_MANAGER_IOC
 This function uses a non-reentrant model


 *************** function _IOCB4_DefaultInterruptHandler *****************
 Defined at:
		line 142 in file "mcc_generated_files/pin_manager.c"
 Parameters:    Size  Location     Type
		None
 Auto vars:     Size  Location     Type
		None
 Return value:  Size  Location     Type
                  1    wreg      void 
 Registers used:
		None
 Tracked objects:
		On entry : 
		On exit  : 
		Unchanged: 
 Data sizes:     COMRAM   BANK0   BANK1   BANK2   BANK3   BANK4   BANK5   BANK6   BANK7   BANK8   BANK9  BANK10  BANK11  BANK12  BANK13  BANK14
      Params:         0       0       0       0       0       0       0       0       0       0       0       0       0       0       0       0
      Locals:         0       0       0       0       0       0       0       0       0       0       0       0       0       0       0       0
      Temps:          0       0       0       0       0       0       0       0       0       0       0       0       0       0       0       0
      Totals:         0       0       0       0       0       0       0       0       0       0       0       0       0       0       0       0
Total ram usage:        0 bytes
 Hardware stack levels used:    1
 This function calls:
		Nothing
 This function is called by:
		_PIN_MANAGER_Initialize
		_IOCB4_ISR
 This function uses a non-reentrant model


 *************** function _acende_led *****************
 Defined at:
		line 22 in file "main.c"
 Parameters:    Size  Location     Type
		None
 Auto vars:     Size  Location     Type
		None
 Return value:  Size  Location     Type
                  1    wreg      void 
 Registers used:
		wreg, status,2, status,0
 Tracked objects:
		On entry : 
		On exit  : 
		Unchanged: 
 Data sizes:     COMRAM   BANK0   BANK1   BANK2   BANK3   BANK4   BANK5   BANK6   BANK7   BANK8   BANK9  BANK10  BANK11  BANK12  BANK13  BANK14
      Params:         0       0       0       0       0       0       0       0       0       0       0       0       0       0       0       0
      Locals:         0       0       0       0       0       0       0       0       0       0       0       0       0       0       0       0
      Temps:          1       0       0       0       0       0       0       0       0       0       0       0       0       0       0       0
      Totals:         1       0       0       0       0       0       0       0       0       0       0       0       0       0       0       0
Total ram usage:        1 bytes
 Hardware stack levels used:    1
 This function calls:
		Nothing
 This function is called by:
		_main
		_IOCB4_ISR
 This function uses a non-reentrant model


 *************** function _ADC_ISR *****************
 Defined at:
		line 139 in file "mcc_generated_files/adc.c"
 Parameters:    Size  Location     Type
		None
 Auto vars:     Size  Location     Type
		None
 Return value:  Size  Location     Type
                  1    wreg      void 
 Registers used:
		wreg, status,2, status,0, pclath, tosl, cstack
 Tracked objects:
		On entry : 
		On exit  : 
		Unchanged: 
 Data sizes:     COMRAM   BANK0   BANK1   BANK2   BANK3   BANK4   BANK5   BANK6   BANK7   BANK8   BANK9  BANK10  BANK11  BANK12  BANK13  BANK14
      Params:         0       0       0       0       0       0       0       0       0       0       0       0       0       0       0       0
      Locals:         0       0       0       0       0       0       0       0       0       0       0       0       0       0       0       0
      Temps:          0       0       0       0       0       0       0       0       0       0       0       0       0       0       0       0
      Totals:         0       0       0       0       0       0       0       0       0       0       0       0       0       0       0       0
Total ram usage:        0 bytes
 Hardware stack levels used:    1
 Hardware stack levels required when called:    1
 This function calls:
		Absolute function
		_ADC_DefaultInterruptHandler
		_ADC_POT
 This function is called by:
		_INTERRUPT_InterruptManager
 This function uses a non-reentrant model


 *************** function _ADC_DefaultInterruptHandler *****************
 Defined at:
		line 154 in file "mcc_generated_files/adc.c"
 Parameters:    Size  Location     Type
		None
 Auto vars:     Size  Location     Type
		None
 Return value:  Size  Location     Type
                  1    wreg      void 
 Registers used:
		None
 Tracked objects:
		On entry : 
		On exit  : 
		Unchanged: 
 Data sizes:     COMRAM   BANK0   BANK1   BANK2   BANK3   BANK4   BANK5   BANK6   BANK7   BANK8   BANK9  BANK10  BANK11  BANK12  BANK13  BANK14
      Params:         0       0       0       0       0       0       0       0       0       0       0       0       0       0       0       0
      Locals:         0       0       0       0       0       0       0       0       0       0       0       0       0       0       0       0
      Temps:          0       0       0       0       0       0       0       0       0       0       0       0       0       0       0       0
      Totals:         0       0       0       0       0       0       0       0       0       0       0       0       0       0       0       0
Total ram usage:        0 bytes
 Hardware stack levels used:    1
 This function calls:
		Nothing
 This function is called by:
		_ADC_Initialize
		_ADC_ISR
 This function uses a non-reentrant model


 *************** function _ADC_POT *****************
 Defined at:
		line 30 in file "main.c"
 Parameters:    Size  Location     Type
		None
 Auto vars:     Size  Location     Type
		None
 Return value:  Size  Location     Type
                  1    wreg      void 
 Registers used:
		wreg, status,2
 Tracked objects:
		On entry : 
		On exit  : 
		Unchanged: 
 Data sizes:     COMRAM   BANK0   BANK1   BANK2   BANK3   BANK4   BANK5   BANK6   BANK7   BANK8   BANK9  BANK10  BANK11  BANK12  BANK13  BANK14
      Params:         0       0       0       0       0       0       0       0       0       0       0       0       0       0       0       0
      Locals:         0       0       0       0       0       0       0       0       0       0       0       0       0       0       0       0
      Temps:          0       0       0       0       0       0       0       0       0       0       0       0       0       0       0       0
      Totals:         0       0       0       0       0       0       0       0       0       0       0       0       0       0       0       0
Total ram usage:        0 bytes
 Hardware stack levels used:    1
 This function calls:
		Nothing
 This function is called by:
		_main
		_ADC_ISR
 This function uses a non-reentrant model



MODULE INFORMATION

Module		Function		Class		Link	Load	Size
C:\Program Files (x86)\Microchip\xc8\v2.10\pic\sources\c99\common\atoi.c
		_atoi          		CODE           	2012	0000	411

C:\Program Files (x86)\Microchip\xc8\v2.10\pic\sources\c99\common\atoi.c estimated size: 411

C:\Program Files (x86)\Microchip\xc8\v2.10\pic\sources\c99\common\islower.c
		_islower       		CODE           	3538	0000	57

C:\Program Files (x86)\Microchip\xc8\v2.10\pic\sources\c99\common\islower.c estimated size: 57

C:\Program Files (x86)\Microchip\xc8\v2.10\pic\sources\c99\common\lodiv.c
		___lodiv       		CODE           	2C44	0000	241

C:\Program Files (x86)\Microchip\xc8\v2.10\pic\sources\c99\common\lodiv.c estimated size: 241

C:\Program Files (x86)\Microchip\xc8\v2.10\pic\sources\c99\common\aodiv.c
		___aodiv       		CODE           	21AC	0000	393

C:\Program Files (x86)\Microchip\xc8\v2.10\pic\sources\c99\common\aodiv.c estimated size: 393

C:\Program Files (x86)\Microchip\xc8\v2.10\pic\sources\c99\common\toupper.c
		_toupper       		CODE           	3210	0000	95

C:\Program Files (x86)\Microchip\xc8\v2.10\pic\sources\c99\common\toupper.c estimated size: 95

C:\Program Files (x86)\Microchip\xc8\v2.10\pic\sources\c99\common\isalpha.c
		_isalpha       		CODE           	34FC	0000	61

C:\Program Files (x86)\Microchip\xc8\v2.10\pic\sources\c99\common\isalpha.c estimated size: 61

mcc_generated_files/interrupt_manager.c
		_INTERRUPT_Initialize		CODE           	3846	0000	5
		_INTERRUPT_InterruptManager		CODE           	0008	0000	109

mcc_generated_files/interrupt_manager.c estimated size: 114

C:\Program Files (x86)\Microchip\xc8\v2.10\pic\sources\c99\common\isspace.c
		_isspace       		CODE           	32C8	0000	83

C:\Program Files (x86)\Microchip\xc8\v2.10\pic\sources\c99\common\isspace.c estimated size: 83

C:\Program Files (x86)\Microchip\xc8\v2.10\pic\sources\c99\common\strlen.c
		_strlen        		CODE           	35E0	0000	55

C:\Program Files (x86)\Microchip\xc8\v2.10\pic\sources\c99\common\strlen.c estimated size: 55

C:\Program Files (x86)\Microchip\xc8\v2.10\pic\sources\c99\common\strncmp.c
		_strncmp       		CODE           	2D34	0000	235

C:\Program Files (x86)\Microchip\xc8\v2.10\pic\sources\c99\common\strncmp.c estimated size: 235

mcc_generated_files/pin_manager.c
		_IOCB4_DefaultInterruptHandler		CODE           	384C	0000	3
		_PIN_MANAGER_Initialize		CODE           	33F0	0000	71
		_PIN_MANAGER_IOC		CODE           	37B6	0000	25
		_IOCB4_SetInterruptHandler		CODE           	382A	0000	11
		_IOCB4_ISR     		CODE           	370C	0000	47

mcc_generated_files/pin_manager.c estimated size: 157

mcc_generated_files/adc.c
		_ADC_DefaultInterruptHandler		CODE           	384E	0000	3
		_ADC_Initialize		CODE           	3760	0000	37
		_ADC_SetInterruptHandler		CODE           	3834	0000	11
		_ADC_ISR       		CODE           	36AE	0000	49

mcc_generated_files/adc.c estimated size: 100

C:\Program Files (x86)\Microchip\xc8\v2.10\pic\sources\c99\common\doprnt.c
		_vfpfcnvrt     		CODE           	0078	0000	4729
		_pad           		CODE           	2FB8	0000	195
		_ctoa          		CODE           	326E	0000	91
		_dtoa          		CODE           	1676	0000	735
		_vfprintf      		CODE           	31AC	0000	101
		_otoa          		CODE           	1E28	0000	491
		_stoa          		CODE           	2334	0000	387
		_utoa          		CODE           	1C28	0000	513
		_xtoa          		CODE           	1954	0000	725

C:\Program Files (x86)\Microchip\xc8\v2.10\pic\sources\c99\common\doprnt.c estimated size: 7967

C:\Program Files (x86)\Microchip\xc8\v2.10\pic\sources\c99\common\nf_fputs.c
		_fputs         		CODE           	3436	0000	69

C:\Program Files (x86)\Microchip\xc8\v2.10\pic\sources\c99\common\nf_fputs.c estimated size: 69

mcc_generated_files/spi.c
		_SPI_ExchangeByte		CODE           	3784	0000	27
		_SPI_Open      		CODE           	307A	0000	177
		_SPI_Initialize		CODE           	37FA	0000	19

mcc_generated_files/spi.c estimated size: 223

shared
		_font          		MEDIUMCONST    	F1C1	0000	3533
		__initialization		CODE           	33AA	0000	61
		_spi_configuration		MEDIUMCONST    	FF8D	0000	5

shared estimated size: 3599

C:\Program Files (x86)\Microchip\xc8\v2.10\pic\sources\c99\common\putch.c
		_putch         		CODE           	384A	0000	3

C:\Program Files (x86)\Microchip\xc8\v2.10\pic\sources\c99\common\putch.c estimated size: 3

mcc_generated_files/mcc.c
		_OSCILLATOR_Initialize		CODE           	380C	0000	19
		_SYSTEM_Initialize		CODE           	37E4	0000	23

mcc_generated_files/mcc.c estimated size: 42

C:\Program Files (x86)\Microchip\xc8\v2.10\pic\sources\c99\common\isdigit.c
		_isdigit       		CODE           	35A8	0000	57

C:\Program Files (x86)\Microchip\xc8\v2.10\pic\sources\c99\common\isdigit.c estimated size: 57

C:\Program Files (x86)\Microchip\xc8\v2.10\pic\sources\c99\common\lomod.c
		___lomod       		CODE           	2E1E	0000	209

C:\Program Files (x86)\Microchip\xc8\v2.10\pic\sources\c99\common\lomod.c estimated size: 209

C:\Program Files (x86)\Microchip\xc8\v2.10\pic\sources\c99\common\aomod.c
		___aomod       		CODE           	2798	0000	357

C:\Program Files (x86)\Microchip\xc8\v2.10\pic\sources\c99\common\aomod.c estimated size: 357

C:\Program Files (x86)\Microchip\xc8\v2.10\pic\sources\c99\common\abs.c
		_abs           		CODE           	34BC	0000	65

C:\Program Files (x86)\Microchip\xc8\v2.10\pic\sources\c99\common\abs.c estimated size: 65

C:\Program Files (x86)\Microchip\xc8\v2.10\pic\sources\c99\common\Umul16.c
		___wmul        		CODE           	373A	0000	39

C:\Program Files (x86)\Microchip\xc8\v2.10\pic\sources\c99\common\Umul16.c estimated size: 39

lib_ili9341.c
		_lcd_send      		CODE           	379E	0000	25
		_lcd_draw_line 		CODE           	2630	0000	361
		_lcd_draw_char 		CODE           	24B6	0000	379
		_lcd_draw_pixel		CODE           	37CE	0000	23
		_lcd_draw_pixel_at		CODE           	364C	0000	51
		_lcd_set_cursor_x		CODE           	3362	0000	73
		_lcd_set_cursor_y		CODE           	331A	0000	73
		_lcd_set_cursor		CODE           	347A	0000	67
		_msDelay       		CODE           	36DE	0000	47
		_lcd_draw_string		CODE           	28FC	0000	307
		_lcd_fill      		CODE           	312A	0000	131
		_lcd_init      		CODE           	12F0	0000	903

lib_ili9341.c estimated size: 2440

C:\Program Files (x86)\Microchip\xc8\v2.10\pic\sources\c99\common\snprintf.c
		_snprintf      		CODE           	367E	0000	49

C:\Program Files (x86)\Microchip\xc8\v2.10\pic\sources\c99\common\snprintf.c estimated size: 49

main.c
		_ADC_POT       		CODE           	381E	0000	13
		_main          		CODE           	2B3E	0000	263
		_acende_led    		CODE           	3616	0000	55

main.c estimated size: 331

C:\Program Files (x86)\Microchip\xc8\v2.10\pic\sources\c99\common\nf_vsnprintf.c
		_vsnprintf     		CODE           	2A2E	0000	273

C:\Program Files (x86)\Microchip\xc8\v2.10\pic\sources\c99\common\nf_vsnprintf.c estimated size: 273

C:\Program Files (x86)\Microchip\xc8\v2.10\pic\sources\c99\common\isupper.c
		_isupper       		CODE           	3570	0000	57

C:\Program Files (x86)\Microchip\xc8\v2.10\pic\sources\c99\common\isupper.c estimated size: 57

C:\Program Files (x86)\Microchip\xc8\v2.10\pic\sources\c99\common\nf_fputc.c
		_fputc         		CODE           	2EEE	0000	203

C:\Program Files (x86)\Microchip\xc8\v2.10\pic\sources\c99\common\nf_fputc.c estimated size: 203

